Archive member included because of file (symbol)

C:/KAIstack_DEMO_STM32_GCC/system_15/targets/ST/libraries_demo/demo_KAIstack_07B0-L---STM32_GCC_TF---STM32F103xB.lib(KAIstackEval.obj)
                              C:/KAIstack_DEMO_STM32_GCC/keypad/Keypad4in4out/tmp/objsys/Keypad4in4out.obj (KSD_InitUserLED)
C:/KAIstack_DEMO_STM32_GCC/system_15/targets/ST/libraries_demo/demo_KAIstack_07B0-L---STM32_GCC_TF---STM32F103xB.lib(KnxDev_Schedule.obj)
                              C:/KAIstack_DEMO_STM32_GCC/keypad/Keypad4in4out/tmp/objsys/Keypad4in4out.obj (SC_SendEvent)
C:/KAIstack_DEMO_STM32_GCC/system_15/targets/ST/libraries_demo/demo_KAIstack_07B0-L---STM32_GCC_TF---STM32F103xB.lib(TaUtil_util.obj)
                              C:/KAIstack_DEMO_STM32_GCC/keypad/Keypad4in4out/tmp/objsys/knx07B0_if.obj (GetLong)
C:/KAIstack_DEMO_STM32_GCC/system_15/targets/ST/libraries_demo/demo_KAIstack_07B0-L---STM32_GCC_TF---STM32F103xB.lib(TaUtil_Mem.obj)
                              C:/KAIstack_DEMO_STM32_GCC/keypad/Keypad4in4out/tmp/objsys/app_07B0.obj (UT_CopyMem)
C:/KAIstack_DEMO_STM32_GCC/system_15/targets/ST/libraries_demo/demo_KAIstack_07B0-L---STM32_GCC_TF---STM32F103xB.lib(TaUtil_BasicTimer.obj)
                              C:/KAIstack_DEMO_STM32_GCC/system_15/targets/ST/libraries_demo/demo_KAIstack_07B0-L---STM32_GCC_TF---STM32F103xB.lib(KnxDev_Schedule.obj) (TMB_100msTick)
C:/KAIstack_DEMO_STM32_GCC/system_15/targets/ST/libraries_demo/demo_KAIstack_07B0-L---STM32_GCC_TF---STM32F103xB.lib(TaUtil_Timer.obj)
                              C:/KAIstack_DEMO_STM32_GCC/system_15/targets/ST/libraries_demo/demo_KAIstack_07B0-L---STM32_GCC_TF---STM32F103xB.lib(TaUtil_BasicTimer.obj) (TM_active)
C:/KAIstack_DEMO_STM32_GCC/system_15/targets/ST/libraries_demo/demo_KAIstack_07B0-L---STM32_GCC_TF---STM32F103xB.lib(KnxStk_mn_bc.obj)
                              C:/KAIstack_DEMO_STM32_GCC/system_15/targets/ST/libraries_demo/demo_KAIstack_07B0-L---STM32_GCC_TF---STM32F103xB.lib(KnxDev_Schedule.obj) (MN_EventHandler)
C:/KAIstack_DEMO_STM32_GCC/system_15/targets/ST/libraries_demo/demo_KAIstack_07B0-L---STM32_GCC_TF---STM32F103xB.lib(KnxStk_al.obj)
                              C:/KAIstack_DEMO_STM32_GCC/keypad/Keypad4in4out/tmp/objsys/Keypad4in4out.obj (AL_TransmitObject)
C:/KAIstack_DEMO_STM32_GCC/system_15/targets/ST/libraries_demo/demo_KAIstack_07B0-L---STM32_GCC_TF---STM32F103xB.lib(KnxStk_tlv.obj)
                              C:/KAIstack_DEMO_STM32_GCC/system_15/targets/ST/libraries_demo/demo_KAIstack_07B0-L---STM32_GCC_TF---STM32F103xB.lib(KnxDev_Schedule.obj) (TLV_EventHandler)
C:/KAIstack_DEMO_STM32_GCC/system_15/targets/ST/libraries_demo/demo_KAIstack_07B0-L---STM32_GCC_TF---STM32F103xB.lib(KnxUtil_Ms.obj)
                              C:/KAIstack_DEMO_STM32_GCC/system_15/targets/ST/libraries_demo/demo_KAIstack_07B0-L---STM32_GCC_TF---STM32F103xB.lib(KnxStk_al.obj) (MS_AllocMsg)
C:/KAIstack_DEMO_STM32_GCC/system_15/targets/ST/libraries_demo/demo_KAIstack_07B0-L---STM32_GCC_TF---STM32F103xB.lib(KnxUtil_MsgFkt.obj)
                              C:/KAIstack_DEMO_STM32_GCC/system_15/targets/ST/libraries_demo/demo_KAIstack_07B0-L---STM32_GCC_TF---STM32F103xB.lib(KnxUtil_Ms.obj) (UT_SearchFkt)
C:/KAIstack_DEMO_STM32_GCC/system_15/targets/ST/libraries_demo/demo_KAIstack_07B0-L---STM32_GCC_TF---STM32F103xB.lib(KnxUtil_ProgLed.obj)
                              C:/KAIstack_DEMO_STM32_GCC/system_15/targets/ST/libraries_demo/demo_KAIstack_07B0-L---STM32_GCC_TF---STM32F103xB.lib(KnxStk_mn_bc.obj) (PKL_GetSetProgMode)
C:/KAIstack_DEMO_STM32_GCC/system_15/targets/ST/libraries_demo/demo_KAIstack_07B0-L---STM32_GCC_TF---STM32F103xB.lib(KnxUtil_AlUtil.obj)
                              C:/KAIstack_DEMO_STM32_GCC/keypad/Keypad4in4out/tmp/objsys/Keypad4in4out.obj (CheckUpdateFlagDirect)
C:/KAIstack_DEMO_STM32_GCC/system_15/targets/ST/libraries_demo/demo_KAIstack_07B0-L---STM32_GCC_TF---STM32F103xB.lib(KnxRes_RunSm.obj)
                              C:/KAIstack_DEMO_STM32_GCC/keypad/Keypad4in4out/tmp/objsys/app_07B0.obj (RS_ApplRunStateMachine)
C:/KAIstack_DEMO_STM32_GCC/system_15/targets/ST/libraries_demo/demo_KAIstack_07B0-L---STM32_GCC_TF---STM32F103xB.lib(KnxRes_AddrTab7.obj)
                              C:/KAIstack_DEMO_STM32_GCC/keypad/Keypad4in4out/tmp/objsys/app_07B0.obj (MN_addressTableObject)
C:/KAIstack_DEMO_STM32_GCC/system_15/targets/ST/libraries_demo/demo_KAIstack_07B0-L---STM32_GCC_TF---STM32F103xB.lib(KnxRes_AssoTab6.obj)
                              C:/KAIstack_DEMO_STM32_GCC/system_15/targets/ST/libraries_demo/demo_KAIstack_07B0-L---STM32_GCC_TF---STM32F103xB.lib(KnxStk_al.obj) (AL_GetNextSAPNr)
C:/KAIstack_DEMO_STM32_GCC/system_15/targets/ST/libraries_demo/demo_KAIstack_07B0-L---STM32_GCC_TF---STM32F103xB.lib(KnxRes_CoTab7.obj)
[...]
Memory Configuration

Name             Origin             Length             Attributes
ISR_MEM          0x08000000         0x00000200         xr
FLASH            0x08000200         0x0001fe00         xr
RAM              0x20000000         0x00005000         xrw
MEMORY_B1        0x60000000         0x00000000         xr
SEC_PC_TOOL_INFO_MEM 0x00000000         0x00000000         xr
SEC_BLC_APPL_INFO_MEM 0x00000000         0x00000000         xr
*default*        0x00000000         0xffffffff

Linker script and memory map

LOAD c:/kaistack_demo_stm32_gcc/compiler/arm-none-eabigt/bin/../lib/gcc/arm-none-eabi/4.7.4/armv7-m/crti.o
LOAD c:/kaistack_demo_stm32_gcc/compiler/arm-none-eabigt/bin/../lib/gcc/arm-none-eabi/4.7.4/armv7-m/crtbegin.o
LOAD c:/kaistack_demo_stm32_gcc/compiler/arm-none-eabigt/bin/../lib/gcc/arm-none-eabi/4.7.4/../../../../arm-none-eabi/lib/armv7-m/crt0.o
LOAD C:/KAIstack_DEMO_STM32_GCC/keypad/Keypad4in4out/tmp/objsys/Keypad4in4out.obj
LOAD C:/KAIstack_DEMO_STM32_GCC/keypad/Keypad4in4out/tmp/objsys/app_data.obj
LOAD C:/KAIstack_DEMO_STM32_GCC/keypad/Keypad4in4out/tmp/objsys/main.obj
LOAD C:/KAIstack_DEMO_STM32_GCC/keypad/Keypad4in4out/tmp/objsys/app_07B0.obj
LOAD C:/KAIstack_DEMO_STM32_GCC/keypad/Keypad4in4out/tmp/objsys/dat_07B0.obj
LOAD C:/KAIstack_DEMO_STM32_GCC/keypad/Keypad4in4out/tmp/objsys/knx07B0_if.obj
LOAD C:/KAIstack_DEMO_STM32_GCC/keypad/Keypad4in4out/tmp/objsys/dev07b0_persist.obj
LOAD C:/KAIstack_DEMO_STM32_GCC/system_15/targets/ST/libraries_demo/demo_KAIstack_07B0-L---STM32_GCC_TF---STM32F103xB.lib
START GROUP
LOAD c:/kaistack_demo_stm32_gcc/compiler/arm-none-eabigt/bin/../lib/gcc/arm-none-eabi/4.7.4/armv7-m\libgcc.a
LOAD c:/kaistack_demo_stm32_gcc/compiler/arm-none-eabigt/bin/../lib/gcc/arm-none-eabi/4.7.4/../../../../arm-none-eabi/lib/armv7-m\libc_s.a
END GROUP
LOAD c:/kaistack_demo_stm32_gcc/compiler/arm-none-eabigt/bin/../lib/gcc/arm-none-eabi/4.7.4/armv7-m/crtend.o
LOAD c:/kaistack_demo_stm32_gcc/compiler/arm-none-eabigt/bin/../lib/gcc/arm-none-eabi/4.7.4/armv7-m/crtn.o
                0x00000000                _Min_Heap_Size = 0x0
                0x00000200                _Min_Stack_Size = 0x200
                0x20005000                _estack = (ORIGIN (RAM) + 0x5000)

SEC_PC_TOOL_INFO
 *(SEC_PC_TOOL_INFO)

.data           0x20000000       0x38 load address 0x08005288
                0x20000000                . = ALIGN (0x4)
                0x20000000                _sdata = .
 *(.data)
 *(.data*)
 .data.KSD_LedList
                0x20000000       0x20 C:/KAIstack_DEMO_STM32_GCC/system_15/targets/ST/libraries_demo/demo_KAIstack_07B0-L---STM32_GCC_TF---STM32F103xB.lib(KAIstackEval.obj)
                0x20000000                KSD_LedList
 .data.ADCPrescTable
                0x20000020        0x4 C:/KAIstack_DEMO_STM32_GCC/system_15/targets/ST/libraries_demo/demo_KAIstack_07B0-L---STM32_GCC_TF---STM32F103xB.lib(stm32f10x_rcc.obj)
 .data.APBAHBPrescTable
                0x20000024       0x10 C:/KAIstack_DEMO_STM32_GCC/system_15/targets/ST/libraries_demo/demo_KAIstack_07B0-L---STM32_GCC_TF---STM32F103xB.lib(stm32f10x_rcc.obj)
 .data.SystemCoreClock
                0x20000034        0x4 C:/KAIstack_DEMO_STM32_GCC/system_15/targets/ST/libraries_demo/demo_KAIstack_07B0-L---STM32_GCC_TF---STM32F103xB.lib(system_stm32f10x.obj)
                0x20000034                SystemCoreClock
                0x20000038                . = ALIGN (0x4)
                0x20000038                _edata = .

.jcr            0x20000038        0x0 load address 0x080052c0
 .jcr           0x20000038        0x0 c:/kaistack_demo_stm32_gcc/compiler/arm-none-eabigt/bin/../lib/gcc/arm-none-eabi/4.7.4/armv7-m/crtbegin.o

.igot.plt       0x20000038        0x0 load address 0x080052c0
 .igot.plt      0x00000000        0x0 c:/kaistack_demo_stm32_gcc/compiler/arm-none-eabigt/bin/../lib/gcc/arm-none-eabi/4.7.4/armv7-m/crtbegin.o
                0x20000038                . = ALIGN (0x4)

.bss            0x20000038      0x744 load address 0x080052c0
                0x20000038                _sbss = .
                0x20000038                __bss_start__ = _sbss
 *(.bss)
 .bss           0x20000038       0x1c c:/kaistack_demo_stm32_gcc/compiler/arm-none-eabigt/bin/../lib/gcc/arm-none-eabi/4.7.4/armv7-m/crtbegin.o
 *(.bss*)
 .bss.TMB_initalized
                0x20000054        0x1 C:/KAIstack_DEMO_STM32_GCC/system_15/targets/ST/libraries_demo/demo_KAIstack_07B0-L---STM32_GCC_TF---STM32F103xB.lib(TaUtil_BasicTimer.obj)
                0x20000054                TMB_initalized
 *(COMMON)
 *fill*         0x20000055        0x3 00
 COMMON         0x20000058        0x8 C:/KAIstack_DEMO_STM32_GCC/keypad/Keypad4in4out/tmp/objsys/Keypad4in4out.obj
                0x20000058                oldKey
                0x2000005c                presentKey
 COMMON         0x20000060       0x34 C:/KAIstack_DEMO_STM32_GCC/keypad/Keypad4in4out/tmp/objsys/dat_07B0.obj
                0x20000060                TM_tmData
                0x20000078                DM_ram
 COMMON         0x20000094       0xb4 C:/KAIstack_DEMO_STM32_GCC/system_15/targets/ST/libraries_demo/demo_KAIstack_07B0-L---STM32_GCC_TF---STM32F103xB.lib(KAIstackEval.obj)
                0x20000094                KSD_LED_1
                0x200000a8                KSD_LED_6
                0x200000bc                KSD_LED_8
                0x200000d0                KSD_LED_3
                0x200000e4                KSD_LED_2
                0x200000f8                KSD_LED_4
                0x2000010c                KSD_LED_5
                0x20000120                KSD_LED_7
                0x20000134                KSD_PROG
 COMMON         0x20000148       0x18 C:/KAIstack_DEMO_STM32_GCC/system_15/targets/ST/libraries_demo/demo_KAIstack_07B0-L---STM32_GCC_TF---STM32F103xB.lib(KnxDev_Schedule.obj)
                0x20000148                SC_data
 COMMON         0x20000160        0xd C:/KAIstack_DEMO_STM32_GCC/system_15/targets/ST/libraries_demo/demo_KAIstack_07B0-L---STM32_GCC_TF---STM32F103xB.lib(TaUtil_BasicTimer.obj)
                0x20000160                TM_counter1s_help
                0x20000162                TM_100msTick
                0x20000163                TM_100msHelp
                0x20000164                TM_counter1s
                0x20000168                TM_counter1ms
                0x2000016c                TMB_100msTick
 COMMON         0x2000016d        0x1 C:/KAIstack_DEMO_STM32_GCC/system_15/targets/ST/libraries_demo/demo_KAIstack_07B0-L---STM32_GCC_TF---STM32F103xB.lib(TaUtil_Timer.obj)
                0x2000016d                TM_active
 COMMON         0x2000016e        0x1 C:/KAIstack_DEMO_STM32_GCC/system_15/targets/ST/libraries_demo/demo_KAIstack_07B0-L---STM32_GCC_TF---STM32F103xB.lib(KnxStk_mn_bc.obj)
                0x2000016e                MN_Control
 *fill*         0x2000016f        0x1 00
 COMMON         0x20000170       0x18 C:/KAIstack_DEMO_STM32_GCC/system_15/targets/ST/libraries_demo/demo_KAIstack_07B0-L---STM32_GCC_TF---STM32F103xB.lib(KnxStk_al.obj)
                0x20000170                AL_data
                0x20000178                AL_objDesc
 COMMON         0x20000188       0x10 C:/KAIstack_DEMO_STM32_GCC/system_15/targets/ST/libraries_demo/demo_KAIstack_07B0-L---STM32_GCC_TF---STM32F103xB.lib(KnxStk_tlv.obj)
                0x20000188                TLV_conn
 COMMON         0x20000198      0x13c C:/KAIstack_DEMO_STM32_GCC/system_15/targets/ST/libraries_demo/demo_KAIstack_07B0-L---STM32_GCC_TF---STM32F103xB.lib(KnxUtil_Ms.obj)
                0x20000198                MS_data
                0x200002d0                msgPtr
 COMMON         0x200002d4        0x8 C:/KAIstack_DEMO_STM32_GCC/system_15/targets/ST/libraries_demo/demo_KAIstack_07B0-L---STM32_GCC_TF---STM32F103xB.lib(KnxUtil_ProgLed.obj)
                0x200002d4                PKL_data
 COMMON         0x200002dc        0x5 C:/KAIstack_DEMO_STM32_GCC/system_15/targets/ST/libraries_demo/demo_KAIstack_07B0-L---STM32_GCC_TF---STM32F103xB.lib(mod_07B0.obj)
                0x200002dc                BCU_State
                0x200002dd                DM0700_deviceControl
                0x200002de                DM_sysRam
                0x200002e0                DM_appInitDelay
 *fill*         0x200002e1        0x3 00
 COMMON         0x200002e4       0x10 C:/KAIstack_DEMO_STM32_GCC/system_15/targets/ST/libraries_demo/demo_KAIstack_07B0-L---STM32_GCC_TF---STM32F103xB.lib(mem_segmentsFLASH.obj)
                0x200002e4                UT_SEG_BCU_SYS_START
                0x200002e8                UT_SEG_BCU_START
                0x200002ec                UT_SEG_BCU_LEN
                0x200002f0                UT_SEG_BCU_SYS_LEN
 COMMON         0x200002f4        0x1 C:/KAIstack_DEMO_STM32_GCC/system_15/targets/ST/libraries_demo/demo_KAIstack_07B0-L---STM32_GCC_TF---STM32F103xB.lib(KnxStk_MN.obj)
                0x200002f4                MN_connectionAccessLevel
 *fill*         0x200002f5        0x3 00
 COMMON         0x200002f8       0x1c C:/KAIstack_DEMO_STM32_GCC/system_15/targets/ST/libraries_demo/demo_KAIstack_07B0-L---STM32_GCC_TF---STM32F103xB.lib(KnxRes_IntObj.obj)
                0x200002f8                MN_interfaceObjectDesc
 COMMON         0x20000314        0xa C:/KAIstack_DEMO_STM32_GCC/system_15/targets/ST/libraries_demo/demo_KAIstack_07B0-L---STM32_GCC_TF---STM32F103xB.lib(L_stmFlash.obj)
                0x20000314                EF_dest
                0x20000318                EF_source
                0x2000031c                EF_count
 *fill*         0x2000031e        0x2 00
 COMMON         0x20000320       0x5c C:/KAIstack_DEMO_STM32_GCC/system_15/targets/ST/libraries_demo/demo_KAIstack_07B0-L---STM32_GCC_TF---STM32F103xB.lib(tpuart.obj)
                0x20000320                TU_data
 COMMON         0x2000037c      0x400 C:/KAIstack_DEMO_STM32_GCC/system_15/targets/ST/libraries_demo/demo_KAIstack_07B0-L---STM32_GCC_TF---STM32F103xB.lib(L_stmFlash_derivate.obj)
                0x2000037c                EF_RAM_tmp
                0x2000077c                . = ALIGN (0x4)
                0x2000077c                _ebss = .
                0x2000077c                __bss_end__ = _ebss

._user_heap_stack
                0x2000077c      0x200 load address 0x08005a04
                0x2000077c                . = ALIGN (0x4)
                0x2000077c                PROVIDE (end, .)
                0x2000077c                PROVIDE (_end, .)
                0x2000077c                . = (. + _Min_Heap_Size)
                0x2000097c                . = (. + _Min_Stack_Size)
 *fill*         0x2000077c      0x200 00
                0x2000097c                . = ALIGN (0x4)

.isr_vector     0x08000000      0x10c
                0x08000000                . = ALIGN (0x4)
 *(.isr_vector)
 .isr_vector    0x08000000      0x10c C:/KAIstack_DEMO_STM32_GCC/system_15/targets/ST/libraries_demo/demo_KAIstack_07B0-L---STM32_GCC_TF---STM32F103xB.lib(GCC_startup_stm32f10x_md.obj)
                0x08000000                g_pfnVectors
                0x0800010c                . = ALIGN (0x4)

.text           0x08000200     0x490c
                0x08000200                PROVIDE (__start_SEC_BSL_INFO, .)
 *(SEC_BSL_INFO)
                0x08000200                PROVIDE (__start_CODE, .)
                0x08000200                . = ALIGN (0x4)
 *(.text)
 .text          0x08000200       0x54 c:/kaistack_demo_stm32_gcc/compiler/arm-none-eabigt/bin/../lib/gcc/arm-none-eabi/4.7.4/armv7-m/crtbegin.o
 *(.text*)
 .text.SetLed   0x08000254       0x30 C:/KAIstack_DEMO_STM32_GCC/keypad/Keypad4in4out/tmp/objsys/Keypad4in4out.obj
                0x08000254                SetLed
 .text.GetButton
                0x08000284       0x38 C:/KAIstack_DEMO_STM32_GCC/keypad/Keypad4in4out/tmp/objsys/Keypad4in4out.obj
                0x08000284                GetButton
 .text.GetObjVal
                0x080002bc       0x28 C:/KAIstack_DEMO_STM32_GCC/keypad/Keypad4in4out/tmp/objsys/Keypad4in4out.obj
                0x080002bc                GetObjVal
 .text.APP_Init
                0x080002e4       0x5c C:/KAIstack_DEMO_STM32_GCC/keypad/Keypad4in4out/tmp/objsys/Keypad4in4out.obj
                0x080002e4                APP_Init
 .text.APP_Main
                0x08000340      0x120 C:/KAIstack_DEMO_STM32_GCC/keypad/Keypad4in4out/tmp/objsys/Keypad4in4out.obj
                0x08000340                APP_Main
 .text.APP_EventHandler
                0x08000460       0x3c C:/KAIstack_DEMO_STM32_GCC/keypad/Keypad4in4out/tmp/objsys/Keypad4in4out.obj
                0x08000460                APP_EventHandler
 .text.APPHW_Init
                0x0800049c        0xc C:/KAIstack_DEMO_STM32_GCC/keypad/Keypad4in4out/tmp/objsys/Keypad4in4out.obj
                0x0800049c                APPHW_Init
 .text.APPHW_Cycle
                0x080004a8        0xc C:/KAIstack_DEMO_STM32_GCC/keypad/Keypad4in4out/tmp/objsys/Keypad4in4out.obj
                0x080004a8                APPHW_Cycle
 .text.APPHW_EventHandler
                0x080004b4       0x3c C:/KAIstack_DEMO_STM32_GCC/keypad/Keypad4in4out/tmp/objsys/Keypad4in4out.obj
                0x080004b4                APPHW_EventHandler
 .text.main     0x080004f0       0x20 C:/KAIstack_DEMO_STM32_GCC/keypad/Keypad4in4out/tmp/objsys/main.obj
                0x080004f0                main
 .text.DM_InitApplication
                0x08000510       0x34 C:/KAIstack_DEMO_STM32_GCC/keypad/Keypad4in4out/tmp/objsys/app_07B0.obj
                0x08000510                DM_InitApplication
 .text.DM_getAppStartPtr
                0x08000544       0x10 C:/KAIstack_DEMO_STM32_GCC/keypad/Keypad4in4out/tmp/objsys/app_07B0.obj
                0x08000544                DM_getAppStartPtr
 .text.KNX_GetPtrToAddressTable
                0x08000554       0x14 C:/KAIstack_DEMO_STM32_GCC/keypad/Keypad4in4out/tmp/objsys/knx07B0_if.obj
                0x08000554                KNX_GetPtrToAddressTable
 .text.KNX_GetPtrToAssocTable
                0x08000568       0x24 C:/KAIstack_DEMO_STM32_GCC/keypad/Keypad4in4out/tmp/objsys/knx07B0_if.obj
                0x08000568                KNX_GetPtrToAssocTable
 .text.KNX_GetPtrToGroupObjectTable
                0x0800058c       0x24 C:/KAIstack_DEMO_STM32_GCC/keypad/Keypad4in4out/tmp/objsys/knx07B0_if.obj
                0x0800058c                KNX_GetPtrToGroupObjectTable
 .text.KNX_GetPtrToParameter
                0x080005b0       0x14 C:/KAIstack_DEMO_STM32_GCC/keypad/Keypad4in4out/tmp/objsys/knx07B0_if.obj
                0x080005b0                KNX_GetPtrToParameter
 .text.KNX_GetPtrToSerialNumber
                0x080005c4       0x14 C:/KAIstack_DEMO_STM32_GCC/keypad/Keypad4in4out/tmp/objsys/knx07B0_if.obj
                0x080005c4                KNX_GetPtrToSerialNumber
 .text.KNX_GetPtrToPhysicalAddress
                0x080005d8       0x14 C:/KAIstack_DEMO_STM32_GCC/keypad/Keypad4in4out/tmp/objsys/knx07B0_if.obj
                0x080005d8                KNX_GetPtrToPhysicalAddress
 .text.KSD_InitUserLED
                0x080005ec       0x8c C:/KAIstack_DEMO_STM32_GCC/system_15/targets/ST/libraries_demo/demo_KAIstack_07B0-L---STM32_GCC_TF---STM32F103xB.lib(KAIstackEval.obj)
                0x080005ec                KSD_InitUserLED
 .text.KAI_InitProgramLED
                0x08000678       0x40 C:/KAIstack_DEMO_STM32_GCC/system_15/targets/ST/libraries_demo/demo_KAIstack_07B0-L---STM32_GCC_TF---STM32F103xB.lib(KAIstackEval.obj)
                0x08000678                KAI_InitProgramLED
 .text.KSD_InitUserButton
                0x080006b8       0x68 C:/KAIstack_DEMO_STM32_GCC/system_15/targets/ST/libraries_demo/demo_KAIstack_07B0-L---STM32_GCC_TF---STM32F103xB.lib(KAIstackEval.obj)
                0x080006b8                KSD_InitUserButton
 .text.KAI_GetProgramButton
                0x08000720       0x18 C:/KAIstack_DEMO_STM32_GCC/system_15/targets/ST/libraries_demo/demo_KAIstack_07B0-L---STM32_GCC_TF---STM32F103xB.lib(KAIstackEval.obj)
                0x08000720                KAI_GetProgramButton
 .text.KAI_SetProgramLED
                0x08000738       0x10 C:/KAIstack_DEMO_STM32_GCC/system_15/targets/ST/libraries_demo/demo_KAIstack_07B0-L---STM32_GCC_TF---STM32F103xB.lib(KAIstackEval.obj)
                0x08000738                KAI_SetProgramLED
 .text.KSD_GetUserButton
                0x08000748       0x30 C:/KAIstack_DEMO_STM32_GCC/system_15/targets/ST/libraries_demo/demo_KAIstack_07B0-L---STM32_GCC_TF---STM32F103xB.lib(KAIstackEval.obj)
                0x08000748                KSD_GetUserButton
 .text.SC_SendEvent
                0x08000778       0x3c C:/KAIstack_DEMO_STM32_GCC/system_15/targets/ST/libraries_demo/demo_KAIstack_07B0-L---STM32_GCC_TF---STM32F103xB.lib(KnxDev_Schedule.obj)
                0x08000778                SC_SendEvent
 .text.SC_SendEventAppl
                0x080007b4       0x14 C:/KAIstack_DEMO_STM32_GCC/system_15/targets/ST/libraries_demo/demo_KAIstack_07B0-L---STM32_GCC_TF---STM32F103xB.lib(KnxDev_Schedule.obj)
                0x080007b4                SC_SendEventAppl
 .text.SC_GetEvent
                0x080007c8       0x28 C:/KAIstack_DEMO_STM32_GCC/system_15/targets/ST/libraries_demo/demo_KAIstack_07B0-L---STM32_GCC_TF---STM32F103xB.lib(KnxDev_Schedule.obj)
                0x080007c8                SC_GetEvent
 .text.SC_SetTimerActive
                0x080007f0       0x5c C:/KAIstack_DEMO_STM32_GCC/system_15/targets/ST/libraries_demo/demo_KAIstack_07B0-L---STM32_GCC_TF---STM32F103xB.lib(KnxDev_Schedule.obj)
                0x080007f0                SC_SetTimerActive
 .text.SC_CyclicCalls
                0x0800084c       0xac C:/KAIstack_DEMO_STM32_GCC/system_15/targets/ST/libraries_demo/demo_KAIstack_07B0-L---STM32_GCC_TF---STM32F103xB.lib(KnxDev_Schedule.obj)
                0x0800084c                SC_CyclicCalls
 .text.SC_StackInit
                0x080008f8       0x40 C:/KAIstack_DEMO_STM32_GCC/system_15/targets/ST/libraries_demo/demo_KAIstack_07B0-L---STM32_GCC_TF---STM32F103xB.lib(KnxDev_Schedule.obj)
                0x080008f8                SC_StackInit
 .text.GetInteger
                0x08000938        0xc C:/KAIstack_DEMO_STM32_GCC/system_15/targets/ST/libraries_demo/demo_KAIstack_07B0-L---STM32_GCC_TF---STM32F103xB.lib(TaUtil_util.obj)
                0x08000938                GetInteger
 .text.SetInteger
                0x08000944        0x8 C:/KAIstack_DEMO_STM32_GCC/system_15/targets/ST/libraries_demo/demo_KAIstack_07B0-L---STM32_GCC_TF---STM32F103xB.lib(TaUtil_util.obj)
                0x08000944                SetInteger
 .text.GetLong  0x0800094c       0x16 C:/KAIstack_DEMO_STM32_GCC/system_15/targets/ST/libraries_demo/demo_KAIstack_07B0-L---STM32_GCC_TF---STM32F103xB.lib(TaUtil_util.obj)
                0x0800094c                GetLong
 .text.UT_CompareMem
                0x08000962       0x20 C:/KAIstack_DEMO_STM32_GCC/system_15/targets/ST/libraries_demo/demo_KAIstack_07B0-L---STM32_GCC_TF---STM32F103xB.lib(TaUtil_Mem.obj)
                0x08000962                UT_CompareMem
 .text.UT_CopyMem
                0x08000982       0x32 C:/KAIstack_DEMO_STM32_GCC/system_15/targets/ST/libraries_demo/demo_KAIstack_07B0-L---STM32_GCC_TF---STM32F103xB.lib(TaUtil_Mem.obj)
                0x08000982                UT_CopyMem
 .text.UT_InitEEPROM
                0x080009b4        0x4 C:/KAIstack_DEMO_STM32_GCC/system_15/targets/ST/libraries_demo/demo_KAIstack_07B0-L---STM32_GCC_TF---STM32F103xB.lib(TaUtil_Mem.obj)
                0x080009b4                UT_InitEEPROM
 .text.UT_FillMem
                0x080009b8       0x2c C:/KAIstack_DEMO_STM32_GCC/system_15/targets/ST/libraries_demo/demo_KAIstack_07B0-L---STM32_GCC_TF---STM32F103xB.lib(TaUtil_Mem.obj)
                0x080009b8                UT_FillMem
 .text.TMB_Init
                0x080009e4       0x58 C:/KAIstack_DEMO_STM32_GCC/system_15/targets/ST/libraries_demo/demo_KAIstack_07B0-L---STM32_GCC_TF---STM32F103xB.lib(TaUtil_BasicTimer.obj)
                0x080009e4                TMB_Init
 .text.TMB_GetTime
                0x08000a3c       0x34 C:/KAIstack_DEMO_STM32_GCC/system_15/targets/ST/libraries_demo/demo_KAIstack_07B0-L---STM32_GCC_TF---STM32F103xB.lib(TaUtil_BasicTimer.obj)
                0x08000a3c                TMB_GetTime
 .text.TMB_UpdateTimerVars
                0x08000a70       0x7c C:/KAIstack_DEMO_STM32_GCC/system_15/targets/ST/libraries_demo/demo_KAIstack_07B0-L---STM32_GCC_TF---STM32F103xB.lib(TaUtil_BasicTimer.obj)
                0x08000a70                TMB_UpdateTimerVars
 .text.TMB_EventHandler
                0x08000aec       0x44 C:/KAIstack_DEMO_STM32_GCC/system_15/targets/ST/libraries_demo/demo_KAIstack_07B0-L---STM32_GCC_TF---STM32F103xB.lib(TaUtil_BasicTimer.obj)
                0x08000aec                TMB_EventHandler
 .text.TM_GetTime
                0x08000b30       0x44 C:/KAIstack_DEMO_STM32_GCC/system_15/targets/ST/libraries_demo/demo_KAIstack_07B0-L---STM32_GCC_TF---STM32F103xB.lib(TaUtil_Timer.obj)
                0x08000b30                TM_GetTime
 .text.TM_Init  0x08000b74       0x50 C:/KAIstack_DEMO_STM32_GCC/system_15/targets/ST/libraries_demo/demo_KAIstack_07B0-L---STM32_GCC_TF---STM32F103xB.lib(TaUtil_Timer.obj)
                0x08000b74                TM_Init
 .text.TM_StopTimer
                0x08000bc4       0x20 C:/KAIstack_DEMO_STM32_GCC/system_15/targets/ST/libraries_demo/demo_KAIstack_07B0-L---STM32_GCC_TF---STM32F103xB.lib(TaUtil_Timer.obj)
                0x08000bc4                TM_StopTimer
 .text.TM_StartTimer
                0x08000be4       0x8c C:/KAIstack_DEMO_STM32_GCC/system_15/targets/ST/libraries_demo/demo_KAIstack_07B0-L---STM32_GCC_TF---STM32F103xB.lib(TaUtil_Timer.obj)
                0x08000be4                TM_StartTimer
 .text.TM_GetState
                0x08000c70       0x30 C:/KAIstack_DEMO_STM32_GCC/system_15/targets/ST/libraries_demo/demo_KAIstack_07B0-L---STM32_GCC_TF---STM32F103xB.lib(TaUtil_Timer.obj)
                0x08000c70                TM_GetState
 .text.TM_Cycle
                0x08000ca0      0x108 C:/KAIstack_DEMO_STM32_GCC/system_15/targets/ST/libraries_demo/demo_KAIstack_07B0-L---STM32_GCC_TF---STM32F103xB.lib(TaUtil_Timer.obj)
                0x08000ca0                TM_Cycle
 .text.TM_EventHandler
                0x08000da8       0x1e C:/KAIstack_DEMO_STM32_GCC/system_15/targets/ST/libraries_demo/demo_KAIstack_07B0-L---STM32_GCC_TF---STM32F103xB.lib(TaUtil_Timer.obj)
                0x08000da8                TM_EventHandler
 .text.MN_PhysicalAddrWrite
                0x08000dc6        0xc C:/KAIstack_DEMO_STM32_GCC/system_15/targets/ST/libraries_demo/demo_KAIstack_07B0-L---STM32_GCC_TF---STM32F103xB.lib(KnxStk_mn_bc.obj)
                0x08000dc6                MN_PhysicalAddrWrite
 *fill*         0x08000dd2        0x2 00
 .text.MN_PhysicalAddrRead
                0x08000dd4       0x1c C:/KAIstack_DEMO_STM32_GCC/system_15/targets/ST/libraries_demo/demo_KAIstack_07B0-L---STM32_GCC_TF---STM32F103xB.lib(KnxStk_mn_bc.obj)
                0x08000dd4                MN_PhysicalAddrRead
 .text.MN_PhysicalAddrSnrRead
                0x08000df0       0x30 C:/KAIstack_DEMO_STM32_GCC/system_15/targets/ST/libraries_demo/demo_KAIstack_07B0-L---STM32_GCC_TF---STM32F103xB.lib(KnxStk_mn_bc.obj)
                0x08000df0                MN_PhysicalAddrSnrRead
 .text.MN_PhysicalAddrSnrWrite
                0x08000e20       0x20 C:/KAIstack_DEMO_STM32_GCC/system_15/targets/ST/libraries_demo/demo_KAIstack_07B0-L---STM32_GCC_TF---STM32F103xB.lib(KnxStk_mn_bc.obj)
                0x08000e20                MN_PhysicalAddrSnrWrite
 .text.MN_Init  0x08000e40       0x14 C:/KAIstack_DEMO_STM32_GCC/system_15/targets/ST/libraries_demo/demo_KAIstack_07B0-L---STM32_GCC_TF---STM32F103xB.lib(KnxStk_mn_bc.obj)
                0x08000e40                MN_Init
 .text.MN_EventHandler
                0x08000e54        0xa C:/KAIstack_DEMO_STM32_GCC/system_15/targets/ST/libraries_demo/demo_KAIstack_07B0-L---STM32_GCC_TF---STM32F103xB.lib(KnxStk_mn_bc.obj)
                0x08000e54                MN_EventHandler
 *fill*         0x08000e5e        0x2 00
 .text.AL_GetCommObjLength
                0x08000e60       0x1c C:/KAIstack_DEMO_STM32_GCC/system_15/targets/ST/libraries_demo/demo_KAIstack_07B0-L---STM32_GCC_TF---STM32F103xB.lib(KnxStk_al.obj)
                0x08000e60                AL_GetCommObjLength
 .text.AL_UpdateGroupObject
                0x08000e7c       0x48 C:/KAIstack_DEMO_STM32_GCC/system_15/targets/ST/libraries_demo/demo_KAIstack_07B0-L---STM32_GCC_TF---STM32F103xB.lib(KnxStk_al.obj)
                0x08000e7c                AL_UpdateGroupObject
 .text.CO_ExecuteEvent
                0x08000ec4      0x180 C:/KAIstack_DEMO_STM32_GCC/system_15/targets/ST/libraries_demo/demo_KAIstack_07B0-L---STM32_GCC_TF---STM32F103xB.lib(KnxStk_al.obj)
                0x08000ec4                CO_ExecuteEvent
 .text.AL_CommObjectLoop
                0x08001044       0x78 C:/KAIstack_DEMO_STM32_GCC/system_15/targets/ST/libraries_demo/demo_KAIstack_07B0-L---STM32_GCC_TF---STM32F103xB.lib(KnxStk_al.obj)
                0x08001044                AL_CommObjectLoop
 .text.AL_GroupDataApci
                0x080010bc       0x10 C:/KAIstack_DEMO_STM32_GCC/system_15/targets/ST/libraries_demo/demo_KAIstack_07B0-L---STM32_GCC_TF---STM32F103xB.lib(KnxStk_al.obj)
                0x080010bc                AL_GroupDataApci
 .text.AL_GroupDataApciConf
                0x080010cc       0x20 C:/KAIstack_DEMO_STM32_GCC/system_15/targets/ST/libraries_demo/demo_KAIstack_07B0-L---STM32_GCC_TF---STM32F103xB.lib(KnxStk_al.obj)
                0x080010cc                AL_GroupDataApciConf
 .text.AL_GroupDataApciReq
                0x080010ec       0x10 C:/KAIstack_DEMO_STM32_GCC/system_15/targets/ST/libraries_demo/demo_KAIstack_07B0-L---STM32_GCC_TF---STM32F103xB.lib(KnxStk_al.obj)
                0x080010ec                AL_GroupDataApciReq
 .text.AL_Init  0x080010fc       0x3c C:/KAIstack_DEMO_STM32_GCC/system_15/targets/ST/libraries_demo/demo_KAIstack_07B0-L---STM32_GCC_TF---STM32F103xB.lib(KnxStk_al.obj)
                0x080010fc                AL_Init
 .text.AL_Cycle
                0x08001138      0x154 C:/KAIstack_DEMO_STM32_GCC/system_15/targets/ST/libraries_demo/demo_KAIstack_07B0-L---STM32_GCC_TF---STM32F103xB.lib(KnxStk_al.obj)
                0x08001138                AL_Cycle
 .text.AL_IsObjLinked
                0x0800128c       0x3c C:/KAIstack_DEMO_STM32_GCC/system_15/targets/ST/libraries_demo/demo_KAIstack_07B0-L---STM32_GCC_TF---STM32F103xB.lib(KnxStk_al.obj)
                0x0800128c                AL_IsObjLinked
 .text.AL_StartPolling
                0x080012c8       0x1c C:/KAIstack_DEMO_STM32_GCC/system_15/targets/ST/libraries_demo/demo_KAIstack_07B0-L---STM32_GCC_TF---STM32F103xB.lib(KnxStk_al.obj)
                0x080012c8                AL_StartPolling
 .text.AL_TransmitObject
                0x080012e4       0x4c C:/KAIstack_DEMO_STM32_GCC/system_15/targets/ST/libraries_demo/demo_KAIstack_07B0-L---STM32_GCC_TF---STM32F103xB.lib(KnxStk_al.obj)
                0x080012e4                AL_TransmitObject
 .text.AL_ReadOnInitCycle
                0x08001330       0x84 C:/KAIstack_DEMO_STM32_GCC/system_15/targets/ST/libraries_demo/demo_KAIstack_07B0-L---STM32_GCC_TF---STM32F103xB.lib(KnxStk_al.obj)
                0x08001330                AL_ReadOnInitCycle
 .text.AL_EventHandler
                0x080013b4       0x2e C:/KAIstack_DEMO_STM32_GCC/system_15/targets/ST/libraries_demo/demo_KAIstack_07B0-L---STM32_GCC_TF---STM32F103xB.lib(KnxStk_al.obj)
                0x080013b4                AL_EventHandler
 *fill*         0x080013e2        0x2 00
 .text.TLV_PostNDataReq
                0x080013e4       0x34 C:/KAIstack_DEMO_STM32_GCC/system_15/targets/ST/libraries_demo/demo_KAIstack_07B0-L---STM32_GCC_TF---STM32F103xB.lib(KnxStk_tlv.obj)
                0x080013e4                TLV_PostNDataReq
 .text.TLV_PostControlTel
                0x08001418       0x20 C:/KAIstack_DEMO_STM32_GCC/system_15/targets/ST/libraries_demo/demo_KAIstack_07B0-L---STM32_GCC_TF---STM32F103xB.lib(KnxStk_tlv.obj)
                0x08001418                TLV_PostControlTel
 .text.TLV_DoStateMachine
                0x08001438      0x298 C:/KAIstack_DEMO_STM32_GCC/system_15/targets/ST/libraries_demo/demo_KAIstack_07B0-L---STM32_GCC_TF---STM32F103xB.lib(KnxStk_tlv.obj)
                0x08001438                TLV_DoStateMachine
 .text.TLV_Init
                0x080016d0       0x10 C:/KAIstack_DEMO_STM32_GCC/system_15/targets/ST/libraries_demo/demo_KAIstack_07B0-L---STM32_GCC_TF---STM32F103xB.lib(KnxStk_tlv.obj)
                0x080016d0                TLV_Init
 .text.TLV_DataInd
                0x080016e0       0x10 C:/KAIstack_DEMO_STM32_GCC/system_15/targets/ST/libraries_demo/demo_KAIstack_07B0-L---STM32_GCC_TF---STM32F103xB.lib(KnxStk_tlv.obj)
                0x080016e0                TLV_DataInd
 .text.TLV_DataReq
                0x080016f0       0x10 C:/KAIstack_DEMO_STM32_GCC/system_15/targets/ST/libraries_demo/demo_KAIstack_07B0-L---STM32_GCC_TF---STM32F103xB.lib(KnxStk_tlv.obj)
                0x080016f0                TLV_DataReq
 .text.TLV_Cycle100ms
                0x08001700       0x1c C:/KAIstack_DEMO_STM32_GCC/system_15/targets/ST/libraries_demo/demo_KAIstack_07B0-L---STM32_GCC_TF---STM32F103xB.lib(KnxStk_tlv.obj)
                0x08001700                TLV_Cycle100ms
 .text.TLV_EventHandler
                0x0800171c       0x1e C:/KAIstack_DEMO_STM32_GCC/system_15/targets/ST/libraries_demo/demo_KAIstack_07B0-L---STM32_GCC_TF---STM32F103xB.lib(KnxStk_tlv.obj)
                0x0800171c                TLV_EventHandler
 *fill*         0x0800173a        0x2 00
 .text.TLV_UnackReq
                0x0800173c       0x34 C:/KAIstack_DEMO_STM32_GCC/system_15/targets/ST/libraries_demo/demo_KAIstack_07B0-L---STM32_GCC_TF---STM32F103xB.lib(KnxStk_tlv.obj)
                0x0800173c                TLV_UnackReq
 .text.MS_RemoveFirstFromList
                0x08001770       0x34 C:/KAIstack_DEMO_STM32_GCC/system_15/targets/ST/libraries_demo/demo_KAIstack_07B0-L---STM32_GCC_TF---STM32F103xB.lib(KnxUtil_Ms.obj)
                0x08001770                MS_RemoveFirstFromList
 .text.MS_AddLastToList
                0x080017a4       0x3c C:/KAIstack_DEMO_STM32_GCC/system_15/targets/ST/libraries_demo/demo_KAIstack_07B0-L---STM32_GCC_TF---STM32F103xB.lib(KnxUtil_Ms.obj)
                0x080017a4                MS_AddLastToList
 .text.MS_FindInQueue
                0x080017e0       0x24 C:/KAIstack_DEMO_STM32_GCC/system_15/targets/ST/libraries_demo/demo_KAIstack_07B0-L---STM32_GCC_TF---STM32F103xB.lib(KnxUtil_Ms.obj)
                0x080017e0                MS_FindInQueue
 .text.MS_Init  0x08001804       0x4c C:/KAIstack_DEMO_STM32_GCC/system_15/targets/ST/libraries_demo/demo_KAIstack_07B0-L---STM32_GCC_TF---STM32F103xB.lib(KnxUtil_Ms.obj)
                0x08001804                MS_Init
 .text.MS_DeInit
                0x08001850       0x34 C:/KAIstack_DEMO_STM32_GCC/system_15/targets/ST/libraries_demo/demo_KAIstack_07B0-L---STM32_GCC_TF---STM32F103xB.lib(KnxUtil_Ms.obj)
                0x08001850                MS_DeInit
 .text.MS_AllocMsg
                0x08001884       0x18 C:/KAIstack_DEMO_STM32_GCC/system_15/targets/ST/libraries_demo/demo_KAIstack_07B0-L---STM32_GCC_TF---STM32F103xB.lib(KnxUtil_Ms.obj)
                0x08001884                MS_AllocMsg
 .text.MS_PostMsgTo
                0x0800189c       0x32 C:/KAIstack_DEMO_STM32_GCC/system_15/targets/ST/libraries_demo/demo_KAIstack_07B0-L---STM32_GCC_TF---STM32F103xB.lib(KnxUtil_Ms.obj)
                0x0800189c                MS_PostMsgTo
 .text.MS_PostMsg
                0x080018ce       0x34 C:/KAIstack_DEMO_STM32_GCC/system_15/targets/ST/libraries_demo/demo_KAIstack_07B0-L---STM32_GCC_TF---STM32F103xB.lib(KnxUtil_Ms.obj)
                0x080018ce                MS_PostMsg
 *fill*         0x08001902        0x2 00
 .text.MS_GetNextMsg
                0x08001904       0x34 C:/KAIstack_DEMO_STM32_GCC/system_15/targets/ST/libraries_demo/demo_KAIstack_07B0-L---STM32_GCC_TF---STM32F103xB.lib(KnxUtil_Ms.obj)
                0x08001904                MS_GetNextMsg
 .text.MS_FreeMsg
                0x08001938       0x38 C:/KAIstack_DEMO_STM32_GCC/system_15/targets/ST/libraries_demo/demo_KAIstack_07B0-L---STM32_GCC_TF---STM32F103xB.lib(KnxUtil_Ms.obj)
                0x08001938                MS_FreeMsg
 .text.SC_MsgDistribution
                0x08001970       0x40 C:/KAIstack_DEMO_STM32_GCC/system_15/targets/ST/libraries_demo/demo_KAIstack_07B0-L---STM32_GCC_TF---STM32F103xB.lib(KnxUtil_Ms.obj)
                0x08001970                SC_MsgDistribution
 .text.MS_UnchainMsg
                0x080019b0       0x1c C:/KAIstack_DEMO_STM32_GCC/system_15/targets/ST/libraries_demo/demo_KAIstack_07B0-L---STM32_GCC_TF---STM32F103xB.lib(KnxUtil_Ms.obj)
                0x080019b0                MS_UnchainMsg
 .text.MS_EventHandler
                0x080019cc       0x2a C:/KAIstack_DEMO_STM32_GCC/system_15/targets/ST/libraries_demo/demo_KAIstack_07B0-L---STM32_GCC_TF---STM32F103xB.lib(KnxUtil_Ms.obj)
                0x080019cc                MS_EventHandler
 .text.UT_SearchFkt
                0x080019f6       0x26 C:/KAIstack_DEMO_STM32_GCC/system_15/targets/ST/libraries_demo/demo_KAIstack_07B0-L---STM32_GCC_TF---STM32F103xB.lib(KnxUtil_MsgFkt.obj)
                0x080019f6                UT_SearchFkt
 .text.KNX_MsgGetAPCI
                0x08001a1c       0x34 C:/KAIstack_DEMO_STM32_GCC/system_15/targets/ST/libraries_demo/demo_KAIstack_07B0-L---STM32_GCC_TF---STM32F103xB.lib(KnxUtil_MsgFkt.obj)
                0x08001a1c                KNX_MsgGetAPCI
 .text.KNX_MsgSetAPCI
                0x08001a50       0x5c C:/KAIstack_DEMO_STM32_GCC/system_15/targets/ST/libraries_demo/demo_KAIstack_07B0-L---STM32_GCC_TF---STM32F103xB.lib(KnxUtil_MsgFkt.obj)
                0x08001a50                KNX_MsgSetAPCI
 .text.KNX_MsgGetTPCI
                0x08001aac       0x14 C:/KAIstack_DEMO_STM32_GCC/system_15/targets/ST/libraries_demo/demo_KAIstack_07B0-L---STM32_GCC_TF---STM32F103xB.lib(KnxUtil_MsgFkt.obj)
                0x08001aac                KNX_MsgGetTPCI
 .text.KNX_MsgSetTPCI
                0x08001ac0       0x18 C:/KAIstack_DEMO_STM32_GCC/system_15/targets/ST/libraries_demo/demo_KAIstack_07B0-L---STM32_GCC_TF---STM32F103xB.lib(KnxUtil_MsgFkt.obj)
                0x08001ac0                KNX_MsgSetTPCI
 .text.KNX_MsgGetSequNr
                0x08001ad8        0x8 C:/KAIstack_DEMO_STM32_GCC/system_15/targets/ST/libraries_demo/demo_KAIstack_07B0-L---STM32_GCC_TF---STM32F103xB.lib(KnxUtil_MsgFkt.obj)
                0x08001ad8                KNX_MsgGetSequNr
 .text.KNX_MsgSetSequNr
                0x08001ae0        0xe C:/KAIstack_DEMO_STM32_GCC/system_15/targets/ST/libraries_demo/demo_KAIstack_07B0-L---STM32_GCC_TF---STM32F103xB.lib(KnxUtil_MsgFkt.obj)
                0x08001ae0                KNX_MsgSetSequNr
 .text.KNX_MsgSetPriority
                0x08001aee        0xe C:/KAIstack_DEMO_STM32_GCC/system_15/targets/ST/libraries_demo/demo_KAIstack_07B0-L---STM32_GCC_TF---STM32F103xB.lib(KnxUtil_MsgFkt.obj)
                0x08001aee                KNX_MsgSetPriority
 .text.KNX_MsgGetAddressType
                0x08001afc       0x2a C:/KAIstack_DEMO_STM32_GCC/system_15/targets/ST/libraries_demo/demo_KAIstack_07B0-L---STM32_GCC_TF---STM32F103xB.lib(KnxUtil_MsgFkt.obj)
                0x08001afc                KNX_MsgGetAddressType
 *fill*         0x08001b26        0x2 00
 .text.PKL_SetProgramLed
                0x08001b28       0x40 C:/KAIstack_DEMO_STM32_GCC/system_15/targets/ST/libraries_demo/demo_KAIstack_07B0-L---STM32_GCC_TF---STM32F103xB.lib(KnxUtil_ProgLed.obj)
                0x08001b28                PKL_SetProgramLed
 .text.PKL_GetSetProgMode
                0x08001b68       0x5c C:/KAIstack_DEMO_STM32_GCC/system_15/targets/ST/libraries_demo/demo_KAIstack_07B0-L---STM32_GCC_TF---STM32F103xB.lib(KnxUtil_ProgLed.obj)
                0x08001b68                PKL_GetSetProgMode
 .text.PKL_CheckBusState
                0x08001bc4       0x28 C:/KAIstack_DEMO_STM32_GCC/system_15/targets/ST/libraries_demo/demo_KAIstack_07B0-L---STM32_GCC_TF---STM32F103xB.lib(KnxUtil_ProgLed.obj)
                0x08001bc4                PKL_CheckBusState
 .text.PKL_ProgramMode100ms
                0x08001bec       0x3c C:/KAIstack_DEMO_STM32_GCC/system_15/targets/ST/libraries_demo/demo_KAIstack_07B0-L---STM32_GCC_TF---STM32F103xB.lib(KnxUtil_ProgLed.obj)
                0x08001bec                PKL_ProgramMode100ms
 .text.PKL_Init
                0x08001c28       0x30 C:/KAIstack_DEMO_STM32_GCC/system_15/targets/ST/libraries_demo/demo_KAIstack_07B0-L---STM32_GCC_TF---STM32F103xB.lib(KnxUtil_ProgLed.obj)
                0x08001c28                PKL_Init
 .text.PKL_EventHandler
                0x08001c58       0x58 C:/KAIstack_DEMO_STM32_GCC/system_15/targets/ST/libraries_demo/demo_KAIstack_07B0-L---STM32_GCC_TF---STM32F103xB.lib(KnxUtil_ProgLed.obj)
                0x08001c58                PKL_EventHandler
 .text.CheckUpdateFlagDirect
                0x08001cb0       0x18 C:/KAIstack_DEMO_STM32_GCC/system_15/targets/ST/libraries_demo/demo_KAIstack_07B0-L---STM32_GCC_TF---STM32F103xB.lib(KnxUtil_AlUtil.obj)
                0x08001cb0                CheckUpdateFlagDirect
 .text.SetObjectValue
                0x08001cc8       0x40 C:/KAIstack_DEMO_STM32_GCC/system_15/targets/ST/libraries_demo/demo_KAIstack_07B0-L---STM32_GCC_TF---STM32F103xB.lib(KnxUtil_AlUtil.obj)
                0x08001cc8                SetObjectValue
 .text.GetObjectValue
                0x08001d08       0x40 C:/KAIstack_DEMO_STM32_GCC/system_15/targets/ST/libraries_demo/demo_KAIstack_07B0-L---STM32_GCC_TF---STM32F103xB.lib(KnxUtil_AlUtil.obj)
                0x08001d08                GetObjectValue
 .text.RS_HandleRunStateMachine
                0x08001d48       0x2c C:/KAIstack_DEMO_STM32_GCC/system_15/targets/ST/libraries_demo/demo_KAIstack_07B0-L---STM32_GCC_TF---STM32F103xB.lib(KnxRes_RunSm.obj)
                0x08001d48                RS_HandleRunStateMachine
 .text.RS_HandleApplRunStateMachine
                0x08001d74       0x3c C:/KAIstack_DEMO_STM32_GCC/system_15/targets/ST/libraries_demo/demo_KAIstack_07B0-L---STM32_GCC_TF---STM32F103xB.lib(KnxRes_RunSm.obj)
                0x08001d74                RS_HandleApplRunStateMachine
 .text.RS_ApplRunStateMachine
                0x08001db0       0x1c C:/KAIstack_DEMO_STM32_GCC/system_15/targets/ST/libraries_demo/demo_KAIstack_07B0-L---STM32_GCC_TF---STM32F103xB.lib(KnxRes_RunSm.obj)
                0x08001db0                RS_ApplRunStateMachine
 .text.RS_HandlePEIRunStateMachine
                0x08001dcc        0xc C:/KAIstack_DEMO_STM32_GCC/system_15/targets/ST/libraries_demo/demo_KAIstack_07B0-L---STM32_GCC_TF---STM32F103xB.lib(KnxRes_RunSm.obj)
                0x08001dcc                RS_HandlePEIRunStateMachine
 .text.RS_PEIRunStateMachine
                0x08001dd8       0x1c C:/KAIstack_DEMO_STM32_GCC/system_15/targets/ST/libraries_demo/demo_KAIstack_07B0-L---STM32_GCC_TF---STM32F103xB.lib(KnxRes_RunSm.obj)
                0x08001dd8                RS_PEIRunStateMachine
 .text.RS_InitRunStateMachines
                0x08001df4       0x30 C:/KAIstack_DEMO_STM32_GCC/system_15/targets/ST/libraries_demo/demo_KAIstack_07B0-L---STM32_GCC_TF---STM32F103xB.lib(KnxRes_RunSm.obj)
                0x08001df4                RS_InitRunStateMachines
 .text.ADT_GetPtrToGroupAddresses
                0x08001e24        0xa C:/KAIstack_DEMO_STM32_GCC/system_15/targets/ST/libraries_demo/demo_KAIstack_07B0-L---STM32_GCC_TF---STM32F103xB.lib(KnxRes_AddrTab7.obj)
                0x08001e24                ADT_GetPtrToGroupAddresses
 *fill*         0x08001e2e        0x2 00
 .text.DM_AddressCheck
                0x08001e30       0xb4 C:/KAIstack_DEMO_STM32_GCC/system_15/targets/ST/libraries_demo/demo_KAIstack_07B0-L---STM32_GCC_TF---STM32F103xB.lib(KnxRes_AddrTab7.obj)
                0x08001e30                DM_AddressCheck
 .text.DM_ConvertGroupAddrToConnNr
                0x08001ee4       0x38 C:/KAIstack_DEMO_STM32_GCC/system_15/targets/ST/libraries_demo/demo_KAIstack_07B0-L---STM32_GCC_TF---STM32F103xB.lib(KnxRes_AddrTab7.obj)
                0x08001ee4                DM_ConvertGroupAddrToConnNr
 .text.DM_ConvertConnNrToGroupAddr
                0x08001f1c       0x2e C:/KAIstack_DEMO_STM32_GCC/system_15/targets/ST/libraries_demo/demo_KAIstack_07B0-L---STM32_GCC_TF---STM32F103xB.lib(KnxRes_AddrTab7.obj)
                0x08001f1c                DM_ConvertConnNrToGroupAddr
 *fill*         0x08001f4a        0x2 00
 .text.ADT_CheckTable
                0x08001f4c       0x88 C:/KAIstack_DEMO_STM32_GCC/system_15/targets/ST/libraries_demo/demo_KAIstack_07B0-L---STM32_GCC_TF---STM32F103xB.lib(KnxRes_AddrTab7.obj)
                0x08001f4c                ADT_CheckTable
 .text.ADT_OnLoadEnd
                0x08001fd4       0x38 C:/KAIstack_DEMO_STM32_GCC/system_15/targets/ST/libraries_demo/demo_KAIstack_07B0-L---STM32_GCC_TF---STM32F103xB.lib(KnxRes_AddrTab7.obj)
                0x08001fd4                ADT_OnLoadEnd
 .text.ADT_OnUnload
                0x0800200c        0x2 C:/KAIstack_DEMO_STM32_GCC/system_15/targets/ST/libraries_demo/demo_KAIstack_07B0-L---STM32_GCC_TF---STM32F103xB.lib(KnxRes_AddrTab7.obj)
                0x0800200c                ADT_OnUnload
 *fill*         0x0800200e        0x2 00
 .text.ADT_OnRelAlloc
                0x08002010       0x70 C:/KAIstack_DEMO_STM32_GCC/system_15/targets/ST/libraries_demo/demo_KAIstack_07B0-L---STM32_GCC_TF---STM32F103xB.lib(KnxRes_AddrTab7.obj)
                0x08002010                ADT_OnRelAlloc
 .text.AST_GetPtrToAssociations
                0x08002080        0xa C:/KAIstack_DEMO_STM32_GCC/system_15/targets/ST/libraries_demo/demo_KAIstack_07B0-L---STM32_GCC_TF---STM32F103xB.lib(KnxRes_AssoTab6.obj)
                0x08002080                AST_GetPtrToAssociations
 *fill*         0x0800208a        0x2 00
 .text.AL_GetNextSAPNr
                0x0800208c       0x80 C:/KAIstack_DEMO_STM32_GCC/system_15/targets/ST/libraries_demo/demo_KAIstack_07B0-L---STM32_GCC_TF---STM32F103xB.lib(KnxRes_AssoTab6.obj)
                0x0800208c                AL_GetNextSAPNr
 .text.AL_GetNextConnNr
                0x0800210c       0x80 C:/KAIstack_DEMO_STM32_GCC/system_15/targets/ST/libraries_demo/demo_KAIstack_07B0-L---STM32_GCC_TF---STM32F103xB.lib(KnxRes_AssoTab6.obj)
                0x0800210c                AL_GetNextConnNr
 .text.AL_GetSendingAssociation
                0x0800218c       0x60 C:/KAIstack_DEMO_STM32_GCC/system_15/targets/ST/libraries_demo/demo_KAIstack_07B0-L---STM32_GCC_TF---STM32F103xB.lib(KnxRes_AssoTab6.obj)
                0x0800218c                AL_GetSendingAssociation
 .text.AL_GetSendingConnNr
                0x080021ec       0x60 C:/KAIstack_DEMO_STM32_GCC/system_15/targets/ST/libraries_demo/demo_KAIstack_07B0-L---STM32_GCC_TF---STM32F103xB.lib(KnxRes_AssoTab6.obj)
                0x080021ec                AL_GetSendingConnNr
 .text.AST_CheckTable
                0x0800224c       0x5c C:/KAIstack_DEMO_STM32_GCC/system_15/targets/ST/libraries_demo/demo_KAIstack_07B0-L---STM32_GCC_TF---STM32F103xB.lib(KnxRes_AssoTab6.obj)
                0x0800224c                AST_CheckTable
 .text.AST_OnLoadEnd
                0x080022a8       0x38 C:/KAIstack_DEMO_STM32_GCC/system_15/targets/ST/libraries_demo/demo_KAIstack_07B0-L---STM32_GCC_TF---STM32F103xB.lib(KnxRes_AssoTab6.obj)
                0x080022a8                AST_OnLoadEnd
 .text.AST_OnUnload
                0x080022e0        0x2 C:/KAIstack_DEMO_STM32_GCC/system_15/targets/ST/libraries_demo/demo_KAIstack_07B0-L---STM32_GCC_TF---STM32F103xB.lib(KnxRes_AssoTab6.obj)
                0x080022e0                AST_OnUnload
 *fill*         0x080022e2        0x2 00
 .text.AST_OnRelAlloc
                0x080022e4       0x70 C:/KAIstack_DEMO_STM32_GCC/system_15/targets/ST/libraries_demo/demo_KAIstack_07B0-L---STM32_GCC_TF---STM32F103xB.lib(KnxRes_AssoTab6.obj)
                0x080022e4                AST_OnRelAlloc
 .text.KNX_GetPtrToGroupObjects
                0x08002354        0xa C:/KAIstack_DEMO_STM32_GCC/system_15/targets/ST/libraries_demo/demo_KAIstack_07B0-L---STM32_GCC_TF---STM32F103xB.lib(KnxRes_CoTab7.obj)
                0x08002354                KNX_GetPtrToGroupObjects
 *fill*         0x0800235e        0x2 00
 .text.AL_GetObjectTab
                0x08002360       0x4c C:/KAIstack_DEMO_STM32_GCC/system_15/targets/ST/libraries_demo/demo_KAIstack_07B0-L---STM32_GCC_TF---STM32F103xB.lib(KnxRes_CoTab7.obj)
                0x08002360                AL_GetObjectTab
 .text.AL_GetCommObject
                0x080023ac       0x44 C:/KAIstack_DEMO_STM32_GCC/system_15/targets/ST/libraries_demo/demo_KAIstack_07B0-L---STM32_GCC_TF---STM32F103xB.lib(KnxRes_CoTab7.obj)
                0x080023ac                AL_GetCommObject
 .text.AL_GetRamFlagPointer
                0x080023f0       0x18 C:/KAIstack_DEMO_STM32_GCC/system_15/targets/ST/libraries_demo/demo_KAIstack_07B0-L---STM32_GCC_TF---STM32F103xB.lib(KnxRes_CoTab7.obj)
                0x080023f0                AL_GetRamFlagPointer
 .text.COT_CheckTable
                0x08002408       0x7c C:/KAIstack_DEMO_STM32_GCC/system_15/targets/ST/libraries_demo/demo_KAIstack_07B0-L---STM32_GCC_TF---STM32F103xB.lib(KnxRes_CoTab7.obj)
                0x08002408                COT_CheckTable
 .text.COT_OnLoadEnd
                0x08002484       0x38 C:/KAIstack_DEMO_STM32_GCC/system_15/targets/ST/libraries_demo/demo_KAIstack_07B0-L---STM32_GCC_TF---STM32F103xB.lib(KnxRes_CoTab7.obj)
                0x08002484                COT_OnLoadEnd
 .text.COT_OnUnload
                0x080024bc        0x2 C:/KAIstack_DEMO_STM32_GCC/system_15/targets/ST/libraries_demo/demo_KAIstack_07B0-L---STM32_GCC_TF---STM32F103xB.lib(KnxRes_CoTab7.obj)
                0x080024bc                COT_OnUnload
 *fill*         0x080024be        0x2 00
 .text.COT_OnRelAlloc
                0x080024c0       0x70 C:/KAIstack_DEMO_STM32_GCC/system_15/targets/ST/libraries_demo/demo_KAIstack_07B0-L---STM32_GCC_TF---STM32F103xB.lib(KnxRes_CoTab7.obj)
                0x080024c0                COT_OnRelAlloc
 .text.IO_GetManufCodeAddr
                0x08002530        0x8 C:/KAIstack_DEMO_STM32_GCC/system_15/targets/ST/libraries_demo/demo_KAIstack_07B0-L---STM32_GCC_TF---STM32F103xB.lib(KnxRes_IO_Device.obj)
                0x08002530                IO_GetManufCodeAddr
 .text.IO_PropDevModeFkt
                0x08002538       0x28 C:/KAIstack_DEMO_STM32_GCC/system_15/targets/ST/libraries_demo/demo_KAIstack_07B0-L---STM32_GCC_TF---STM32F103xB.lib(KnxRes_IO_Device.obj)
                0x08002538                IO_PropDevModeFkt
 .text.ADT_HandleLoadStateMachine
                0x08002560       0x4c C:/KAIstack_DEMO_STM32_GCC/system_15/targets/ST/libraries_demo/demo_KAIstack_07B0-L---STM32_GCC_TF---STM32F103xB.lib(KnxRes_LSM_adt.obj)
                0x08002560                ADT_HandleLoadStateMachine
 .text.ADT_PropertyFunction_LoadStateMachine
                0x080025ac       0x1c C:/KAIstack_DEMO_STM32_GCC/system_15/targets/ST/libraries_demo/demo_KAIstack_07B0-L---STM32_GCC_TF---STM32F103xB.lib(KnxRes_LSM_adt.obj)
                0x080025ac                ADT_PropertyFunction_LoadStateMachine
 .text.AST_HandleLoadStateMachine
                0x080025c8       0x4c C:/KAIstack_DEMO_STM32_GCC/system_15/targets/ST/libraries_demo/demo_KAIstack_07B0-L---STM32_GCC_TF---STM32F103xB.lib(KnxRes_LSM_ast.obj)
                0x080025c8                AST_HandleLoadStateMachine
 .text.AST_PropertyFunction_LoadStateMachine
                0x08002614       0x1c C:/KAIstack_DEMO_STM32_GCC/system_15/targets/ST/libraries_demo/demo_KAIstack_07B0-L---STM32_GCC_TF---STM32F103xB.lib(KnxRes_LSM_ast.obj)
                0x08002614                AST_PropertyFunction_LoadStateMachine
 .text.COT_HandleLoadStateMachine
                0x08002630       0x4c C:/KAIstack_DEMO_STM32_GCC/system_15/targets/ST/libraries_demo/demo_KAIstack_07B0-L---STM32_GCC_TF---STM32F103xB.lib(KnxRes_LSM_cot.obj)
                0x08002630                COT_HandleLoadStateMachine
 .text.COT_PropertyFunction_LoadStateMachine
                0x0800267c       0x1c C:/KAIstack_DEMO_STM32_GCC/system_15/targets/ST/libraries_demo/demo_KAIstack_07B0-L---STM32_GCC_TF---STM32F103xB.lib(KnxRes_LSM_cot.obj)
                0x0800267c                COT_PropertyFunction_LoadStateMachine
 .text.HandleApplLoadStateMachine
                0x08002698       0xa8 C:/KAIstack_DEMO_STM32_GCC/system_15/targets/ST/libraries_demo/demo_KAIstack_07B0-L---STM32_GCC_TF---STM32F103xB.lib(KnxRes_LSM_app.obj)
                0x08002698                HandleApplLoadStateMachine
 .text.PropertyFunction_ApplLoadStateMachine
                0x08002740       0x1c C:/KAIstack_DEMO_STM32_GCC/system_15/targets/ST/libraries_demo/demo_KAIstack_07B0-L---STM32_GCC_TF---STM32F103xB.lib(KnxRes_LSM_app.obj)
                0x08002740                PropertyFunction_ApplLoadStateMachine
 .text.HandlePEILoadStateMachine
                0x0800275c       0x50 C:/KAIstack_DEMO_STM32_GCC/system_15/targets/ST/libraries_demo/demo_KAIstack_07B0-L---STM32_GCC_TF---STM32F103xB.lib(KnxRes_LSM_pei.obj)
                0x0800275c                HandlePEILoadStateMachine
 .text.PropertyFunction_PEILoadStateMachine
                0x080027ac       0x1c C:/KAIstack_DEMO_STM32_GCC/system_15/targets/ST/libraries_demo/demo_KAIstack_07B0-L---STM32_GCC_TF---STM32F103xB.lib(KnxRes_LSM_pei.obj)
                0x080027ac                PropertyFunction_PEILoadStateMachine
 .text.DM0700_CheckApp
                0x080027c8       0x38 C:/KAIstack_DEMO_STM32_GCC/system_15/targets/ST/libraries_demo/demo_KAIstack_07B0-L---STM32_GCC_TF---STM32F103xB.lib(mod_07B0.obj)
                0x080027c8                DM0700_CheckApp
 .text.DM_Init  0x08002800       0x28 C:/KAIstack_DEMO_STM32_GCC/system_15/targets/ST/libraries_demo/demo_KAIstack_07B0-L---STM32_GCC_TF---STM32F103xB.lib(mod_07B0.obj)
                0x08002800                DM_Init
 .text.DM_Cycle
                0x08002828       0x6c C:/KAIstack_DEMO_STM32_GCC/system_15/targets/ST/libraries_demo/demo_KAIstack_07B0-L---STM32_GCC_TF---STM32F103xB.lib(mod_07B0.obj)
                0x08002828                DM_Cycle
 .text.DM_OnLoadEnd
                0x08002894       0x38 C:/KAIstack_DEMO_STM32_GCC/system_15/targets/ST/libraries_demo/demo_KAIstack_07B0-L---STM32_GCC_TF---STM32F103xB.lib(mod_07B0.obj)
                0x08002894                DM_OnLoadEnd
 .text.DM_OnUnload
                0x080028cc        0x2 C:/KAIstack_DEMO_STM32_GCC/system_15/targets/ST/libraries_demo/demo_KAIstack_07B0-L---STM32_GCC_TF---STM32F103xB.lib(mod_07B0.obj)
                0x080028cc                DM_OnUnload
 *fill*         0x080028ce        0x2 00
 .text.DM_OnRelAlloc
                0x080028d0       0x60 C:/KAIstack_DEMO_STM32_GCC/system_15/targets/ST/libraries_demo/demo_KAIstack_07B0-L---STM32_GCC_TF---STM32F103xB.lib(mod_07B0.obj)
                0x080028d0                DM_OnRelAlloc
 .text.LS_Check
                0x08002930       0x4c C:/KAIstack_DEMO_STM32_GCC/system_15/targets/ST/libraries_demo/demo_KAIstack_07B0-L---STM32_GCC_TF---STM32F103xB.lib(mod_07B0.obj)
                0x08002930                LS_Check
 .text.DM_EventHandler
                0x0800297c       0x60 C:/KAIstack_DEMO_STM32_GCC/system_15/targets/ST/libraries_demo/demo_KAIstack_07B0-L---STM32_GCC_TF---STM32F103xB.lib(mod_07B0.obj)
                0x0800297c                DM_EventHandler
 .text.hwinit   0x080029dc        0xe C:/KAIstack_DEMO_STM32_GCC/system_15/targets/ST/libraries_demo/demo_KAIstack_07B0-L---STM32_GCC_TF---STM32F103xB.lib(target.obj)
                0x080029dc                hwinit
 *fill*         0x080029ea        0x2 00
 .text.Restart  0x080029ec       0x20 C:/KAIstack_DEMO_STM32_GCC/system_15/targets/ST/libraries_demo/demo_KAIstack_07B0-L---STM32_GCC_TF---STM32F103xB.lib(target.obj)
                0x080029ec                Restart
 .text.BL_ControlInit
                0x08002a0c       0x3c C:/KAIstack_DEMO_STM32_GCC/system_15/targets/ST/libraries_demo/demo_KAIstack_07B0-L---STM32_GCC_TF---STM32F103xB.lib(stm32_led_driver.obj)
                0x08002a0c                BL_ControlInit
 .text.BL_Control
                0x08002a48       0x1c C:/KAIstack_DEMO_STM32_GCC/system_15/targets/ST/libraries_demo/demo_KAIstack_07B0-L---STM32_GCC_TF---STM32F103xB.lib(stm32_led_driver.obj)
                0x08002a48                BL_Control
 .text.SysTick_Init
                0x08002a64       0x38 C:/KAIstack_DEMO_STM32_GCC/system_15/targets/ST/libraries_demo/demo_KAIstack_07B0-L---STM32_GCC_TF---STM32F103xB.lib(stm32_timer.obj)
                0x08002a64                SysTick_Init
 .text.SysTick_Handler
                0x08002a9c        0x6 C:/KAIstack_DEMO_STM32_GCC/system_15/targets/ST/libraries_demo/demo_KAIstack_07B0-L---STM32_GCC_TF---STM32F103xB.lib(stm32_timer.obj)
                0x08002a9c                SysTick_Handler
 .text.WDG_HAL_Init
                0x08002aa2       0x2a C:/KAIstack_DEMO_STM32_GCC/system_15/targets/ST/libraries_demo/demo_KAIstack_07B0-L---STM32_GCC_TF---STM32F103xB.lib(stm32_watchdog.obj)
                0x08002aa2                WDG_HAL_Init
 .text.UT_InitAppFLASHMarks
                0x08002acc       0x40 C:/KAIstack_DEMO_STM32_GCC/system_15/targets/ST/libraries_demo/demo_KAIstack_07B0-L---STM32_GCC_TF---STM32F103xB.lib(mem_segmentsFLASH.obj)
                0x08002acc                UT_InitAppFLASHMarks
 .text.UT_CopyNvMem
                0x08002b0c        0x4 C:/KAIstack_DEMO_STM32_GCC/system_15/targets/ST/libraries_demo/demo_KAIstack_07B0-L---STM32_GCC_TF---STM32F103xB.lib(mem_segmentsFLASH.obj)
                0x08002b0c                UT_CopyNvMem
 .text.UT_FillNvMem
                0x08002b10        0x4 C:/KAIstack_DEMO_STM32_GCC/system_15/targets/ST/libraries_demo/demo_KAIstack_07B0-L---STM32_GCC_TF---STM32F103xB.lib(mem_segmentsFLASH.obj)
                0x08002b10                UT_FillNvMem
 .text.UT_InitNvMem
                0x08002b14        0x4 C:/KAIstack_DEMO_STM32_GCC/system_15/targets/ST/libraries_demo/demo_KAIstack_07B0-L---STM32_GCC_TF---STM32F103xB.lib(mem_segmentsFLASH.obj)
                0x08002b14                UT_InitNvMem
 .text.UT_CheckNvMem
                0x08002b18       0x1c C:/KAIstack_DEMO_STM32_GCC/system_15/targets/ST/libraries_demo/demo_KAIstack_07B0-L---STM32_GCC_TF---STM32F103xB.lib(mem_segmentsFLASH.obj)
                0x08002b18                UT_CheckNvMem
 .text.TUI_TelegramSended
                0x08002b34       0x30 C:/KAIstack_DEMO_STM32_GCC/system_15/targets/ST/libraries_demo/demo_KAIstack_07B0-L---STM32_GCC_TF---STM32F103xB.lib(tpuart_adapt.obj)
                0x08002b34                TUI_TelegramSended
 .text.LL_DataReq
                0x08002b64       0x78 C:/KAIstack_DEMO_STM32_GCC/system_15/targets/ST/libraries_demo/demo_KAIstack_07B0-L---STM32_GCC_TF---STM32F103xB.lib(tpuart_adapt.obj)
                0x08002b64                LL_DataReq
 .text.TUI_GetRcvBuffer
                0x08002bdc        0x4 C:/KAIstack_DEMO_STM32_GCC/system_15/targets/ST/libraries_demo/demo_KAIstack_07B0-L---STM32_GCC_TF---STM32F103xB.lib(tpuart_adapt.obj)
                0x08002bdc                TUI_GetRcvBuffer
 .text.TUI_TelegramReceived
                0x08002be0       0x16 C:/KAIstack_DEMO_STM32_GCC/system_15/targets/ST/libraries_demo/demo_KAIstack_07B0-L---STM32_GCC_TF---STM32F103xB.lib(tpuart_adapt.obj)
                0x08002be0                TUI_TelegramReceived
 .text.TUI_ReleaseRcvBuffer
                0x08002bf6        0x4 C:/KAIstack_DEMO_STM32_GCC/system_15/targets/ST/libraries_demo/demo_KAIstack_07B0-L---STM32_GCC_TF---STM32F103xB.lib(tpuart_adapt.obj)
                0x08002bf6                TUI_ReleaseRcvBuffer
 .text.TUI_AddressCheck
                0x08002bfa        0x4 C:/KAIstack_DEMO_STM32_GCC/system_15/targets/ST/libraries_demo/demo_KAIstack_07B0-L---STM32_GCC_TF---STM32F103xB.lib(tpuart_adapt.obj)
                0x08002bfa                TUI_AddressCheck
 .text.LL_Cycle
                0x08002bfe       0x14 C:/KAIstack_DEMO_STM32_GCC/system_15/targets/ST/libraries_demo/demo_KAIstack_07B0-L---STM32_GCC_TF---STM32F103xB.lib(tpuart_adapt.obj)
                0x08002bfe                LL_Cycle
 .text.LL_Init  0x08002c12        0x6 C:/KAIstack_DEMO_STM32_GCC/system_15/targets/ST/libraries_demo/demo_KAIstack_07B0-L---STM32_GCC_TF---STM32F103xB.lib(tpuart_adapt.obj)
                0x08002c12                LL_Init
 .text.LL_EventHandler
                0x08002c18       0x1e C:/KAIstack_DEMO_STM32_GCC/system_15/targets/ST/libraries_demo/demo_KAIstack_07B0-L---STM32_GCC_TF---STM32F103xB.lib(tpuart_adapt.obj)
                0x08002c18                LL_EventHandler
 *fill*         0x08002c36        0x2 00
 .text.LL_Restart
                0x08002c38       0x38 C:/KAIstack_DEMO_STM32_GCC/system_15/targets/ST/libraries_demo/demo_KAIstack_07B0-L---STM32_GCC_TF---STM32F103xB.lib(tpuart_adapt.obj)
                0x08002c38                LL_Restart
 .text.LL_IsBusOK
                0x08002c70        0x4 C:/KAIstack_DEMO_STM32_GCC/system_15/targets/ST/libraries_demo/demo_KAIstack_07B0-L---STM32_GCC_TF---STM32F103xB.lib(tpuart_adapt.obj)
                0x08002c70                LL_IsBusOK
 .text.TM_GenerateLLTimeout
                0x08002c74        0x4 C:/KAIstack_DEMO_STM32_GCC/system_15/targets/ST/libraries_demo/demo_KAIstack_07B0-L---STM32_GCC_TF---STM32F103xB.lib(tpuart_adapt.obj)
                0x08002c74                TM_GenerateLLTimeout
 .text.KNX_TP1_GetDestAddress
                0x08002c78       0x4e C:/KAIstack_DEMO_STM32_GCC/system_15/targets/ST/libraries_demo/demo_KAIstack_07B0-L---STM32_GCC_TF---STM32F103xB.lib(knxStk_tp1Util.obj)
                0x08002c78                KNX_TP1_GetDestAddress
 .text.KNX_TP1_ConvertEmi2ToTp1
                0x08002cc6       0x52 C:/KAIstack_DEMO_STM32_GCC/system_15/targets/ST/libraries_demo/demo_KAIstack_07B0-L---STM32_GCC_TF---STM32F103xB.lib(knxStk_tp1Util.obj)
                0x08002cc6                KNX_TP1_ConvertEmi2ToTp1
 .text.KNX_TP1_ConvertTp1ToEmi2
                0x08002d18       0x52 C:/KAIstack_DEMO_STM32_GCC/system_15/targets/ST/libraries_demo/demo_KAIstack_07B0-L---STM32_GCC_TF---STM32F103xB.lib(knxStk_tp1Util.obj)
                0x08002d18                KNX_TP1_ConvertTp1ToEmi2
 .text.__get_BASEPRI
                0x08002d6a        0x6 C:/KAIstack_DEMO_STM32_GCC/system_15/targets/ST/libraries_demo/demo_KAIstack_07B0-L---STM32_GCC_TF---STM32F103xB.lib(core_cm3.obj)
                0x08002d6a                __get_BASEPRI
 .text.__set_BASEPRI
                0x08002d70        0x6 C:/KAIstack_DEMO_STM32_GCC/system_15/targets/ST/libraries_demo/demo_KAIstack_07B0-L---STM32_GCC_TF---STM32F103xB.lib(core_cm3.obj)
                0x08002d70                __set_BASEPRI
 *fill*         0x08002d76        0x2 00
 .text.NVIC_PriorityGroupConfig
                0x08002d78       0x14 C:/KAIstack_DEMO_STM32_GCC/system_15/targets/ST/libraries_demo/demo_KAIstack_07B0-L---STM32_GCC_TF---STM32F103xB.lib(misc.obj)
                0x08002d78                NVIC_PriorityGroupConfig
 .text.NVIC_Init
                0x08002d8c       0x68 C:/KAIstack_DEMO_STM32_GCC/system_15/targets/ST/libraries_demo/demo_KAIstack_07B0-L---STM32_GCC_TF---STM32F103xB.lib(misc.obj)
                0x08002d8c                NVIC_Init
 .text.SysTick_CLKSourceConfig
                0x08002df4       0x18 C:/KAIstack_DEMO_STM32_GCC/system_15/targets/ST/libraries_demo/demo_KAIstack_07B0-L---STM32_GCC_TF---STM32F103xB.lib(misc.obj)
                0x08002df4                SysTick_CLKSourceConfig
 .text.DBGMCU_Config
                0x08002e0c       0x18 C:/KAIstack_DEMO_STM32_GCC/system_15/targets/ST/libraries_demo/demo_KAIstack_07B0-L---STM32_GCC_TF---STM32F103xB.lib(stm32f10x_dbgmcu.obj)
                0x08002e0c                DBGMCU_Config
 .text.GPIO_Init
                0x08002e24       0xa0 C:/KAIstack_DEMO_STM32_GCC/system_15/targets/ST/libraries_demo/demo_KAIstack_07B0-L---STM32_GCC_TF---STM32F103xB.lib(stm32f10x_gpio.obj)
                0x08002e24                GPIO_Init
 .text.GPIO_ReadInputDataBit
                0x08002ec4        0xc C:/KAIstack_DEMO_STM32_GCC/system_15/targets/ST/libraries_demo/demo_KAIstack_07B0-L---STM32_GCC_TF---STM32F103xB.lib(stm32f10x_gpio.obj)
                0x08002ec4                GPIO_ReadInputDataBit
 .text.IWDG_WriteAccessCmd
                0x08002ed0        0xc C:/KAIstack_DEMO_STM32_GCC/system_15/targets/ST/libraries_demo/demo_KAIstack_07B0-L---STM32_GCC_TF---STM32F103xB.lib(stm32f10x_iwdg.obj)
                0x08002ed0                IWDG_WriteAccessCmd
 .text.IWDG_SetPrescaler
                0x08002edc        0xc C:/KAIstack_DEMO_STM32_GCC/system_15/targets/ST/libraries_demo/demo_KAIstack_07B0-L---STM32_GCC_TF---STM32F103xB.lib(stm32f10x_iwdg.obj)
                0x08002edc                IWDG_SetPrescaler
 .text.IWDG_SetReload
                0x08002ee8        0xc C:/KAIstack_DEMO_STM32_GCC/system_15/targets/ST/libraries_demo/demo_KAIstack_07B0-L---STM32_GCC_TF---STM32F103xB.lib(stm32f10x_iwdg.obj)
                0x08002ee8                IWDG_SetReload
 .text.IWDG_ReloadCounter
                0x08002ef4       0x10 C:/KAIstack_DEMO_STM32_GCC/system_15/targets/ST/libraries_demo/demo_KAIstack_07B0-L---STM32_GCC_TF---STM32F103xB.lib(stm32f10x_iwdg.obj)
                0x08002ef4                IWDG_ReloadCounter
 .text.IWDG_Enable
                0x08002f04       0x10 C:/KAIstack_DEMO_STM32_GCC/system_15/targets/ST/libraries_demo/demo_KAIstack_07B0-L---STM32_GCC_TF---STM32F103xB.lib(stm32f10x_iwdg.obj)
                0x08002f04                IWDG_Enable
 .text.RCC_GetClocksFreq
                0x08002f14       0x98 C:/KAIstack_DEMO_STM32_GCC/system_15/targets/ST/libraries_demo/demo_KAIstack_07B0-L---STM32_GCC_TF---STM32F103xB.lib(stm32f10x_rcc.obj)
                0x08002f14                RCC_GetClocksFreq
 .text.RCC_APB2PeriphClockCmd
                0x08002fac       0x18 C:/KAIstack_DEMO_STM32_GCC/system_15/targets/ST/libraries_demo/demo_KAIstack_07B0-L---STM32_GCC_TF---STM32F103xB.lib(stm32f10x_rcc.obj)
                0x08002fac                RCC_APB2PeriphClockCmd
 .text.RCC_APB1PeriphClockCmd
                0x08002fc4       0x18 C:/KAIstack_DEMO_STM32_GCC/system_15/targets/ST/libraries_demo/demo_KAIstack_07B0-L---STM32_GCC_TF---STM32F103xB.lib(stm32f10x_rcc.obj)
                0x08002fc4                RCC_APB1PeriphClockCmd
 .text.Reset_Handler
                0x08002fdc       0x50 C:/KAIstack_DEMO_STM32_GCC/system_15/targets/ST/libraries_demo/demo_KAIstack_07B0-L---STM32_GCC_TF---STM32F103xB.lib(GCC_startup_stm32f10x_md.obj)
                0x08002fdc                Reset_Handler
 .text.Default_Handler
                0x0800302c        0x4 C:/KAIstack_DEMO_STM32_GCC/system_15/targets/ST/libraries_demo/demo_KAIstack_07B0-L---STM32_GCC_TF---STM32F103xB.lib(GCC_startup_stm32f10x_md.obj)
                0x0800302c                EXTI2_IRQHandler
                0x0800302c                DebugMon_Handler
                0x0800302c                TIM1_CC_IRQHandler
                0x0800302c                HardFault_Handler
                0x0800302c                PVD_IRQHandler
                0x0800302c                PendSV_Handler
                0x0800302c                NMI_Handler
                0x0800302c                EXTI3_IRQHandler
                0x0800302c                EXTI0_IRQHandler
                0x0800302c                I2C2_EV_IRQHandler
                0x0800302c                UsageFault_Handler
                0x0800302c                ADC1_2_IRQHandler
                0x0800302c                SPI1_IRQHandler
                0x0800302c                TAMPER_IRQHandler
                0x0800302c                DMA1_Channel4_IRQHandler
                0x0800302c                USART3_IRQHandler
                0x0800302c                RTC_IRQHandler
                0x0800302c                DMA1_Channel7_IRQHandler
                0x0800302c                CAN1_RX1_IRQHandler
                0x0800302c                TIM4_IRQHandler
                0x0800302c                I2C1_EV_IRQHandler
                0x0800302c                DMA1_Channel6_IRQHandler
                0x0800302c                TIM3_IRQHandler
                0x0800302c                RCC_IRQHandler
                0x0800302c                TIM1_TRG_COM_IRQHandler
                0x0800302c                DMA1_Channel1_IRQHandler
                0x0800302c                Default_Handler
                0x0800302c                EXTI15_10_IRQHandler
                0x0800302c                EXTI9_5_IRQHandler
                0x0800302c                SPI2_IRQHandler
                0x0800302c                MemManage_Handler
                0x0800302c                SVC_Handler
                0x0800302c                DMA1_Channel5_IRQHandler
                0x0800302c                EXTI4_IRQHandler
                0x0800302c                USB_LP_CAN1_RX0_IRQHandler
                0x0800302c                USB_HP_CAN1_TX_IRQHandler
                0x0800302c                DMA1_Channel3_IRQHandler
                0x0800302c                TIM1_UP_IRQHandler
                0x0800302c                WWDG_IRQHandler
                0x0800302c                TIM2_IRQHandler
                0x0800302c                TIM1_BRK_IRQHandler
                0x0800302c                EXTI1_IRQHandler
                0x0800302c                RTCAlarm_IRQHandler
                0x0800302c                I2C2_ER_IRQHandler
                0x0800302c                DMA1_Channel2_IRQHandler
                0x0800302c                CAN1_SCE_IRQHandler
                0x0800302c                FLASH_IRQHandler
                0x0800302c                BusFault_Handler
                0x0800302c                USART1_IRQHandler
                0x0800302c                I2C1_ER_IRQHandler
                0x0800302c                USBWakeUp_IRQHandler
 .text.SystemInit
                0x08003030       0xd0 C:/KAIstack_DEMO_STM32_GCC/system_15/targets/ST/libraries_demo/demo_KAIstack_07B0-L---STM32_GCC_TF---STM32F103xB.lib(system_stm32f10x.obj)
                0x08003030                SystemInit
 .text.DM_MapAddressRange
                0x08003100       0x34 C:/KAIstack_DEMO_STM32_GCC/system_15/targets/ST/libraries_demo/demo_KAIstack_07B0-L---STM32_GCC_TF---STM32F103xB.lib(KnxDev_DevMod.obj)
                0x08003100                DM_MapAddressRange
 .text.SetBCU1Stat
                0x08003134       0x28 C:/KAIstack_DEMO_STM32_GCC/system_15/targets/ST/libraries_demo/demo_KAIstack_07B0-L---STM32_GCC_TF---STM32F103xB.lib(KnxDev_DevMod.obj)
                0x08003134                SetBCU1Stat
 .text.DM_UpdateProgMode
                0x0800315c       0x18 C:/KAIstack_DEMO_STM32_GCC/system_15/targets/ST/libraries_demo/demo_KAIstack_07B0-L---STM32_GCC_TF---STM32F103xB.lib(KnxDev_DevMod.obj)
                0x0800315c                DM_UpdateProgMode
 .text.CRC_CalcCrc16Ccitt
                0x08003174       0x5a C:/KAIstack_DEMO_STM32_GCC/system_15/targets/ST/libraries_demo/demo_KAIstack_07B0-L---STM32_GCC_TF---STM32F103xB.lib(TaUtil_crc.obj)
                0x08003174                CRC_CalcCrc16Ccitt
 *fill*         0x080031ce        0x2 00
 .text.MN_MaskVersionRead
                0x080031d0       0x30 C:/KAIstack_DEMO_STM32_GCC/system_15/targets/ST/libraries_demo/demo_KAIstack_07B0-L---STM32_GCC_TF---STM32F103xB.lib(KnxStk_MN.obj)
                0x080031d0                MN_MaskVersionRead
 .text.MN_MemoryApciCheck
                0x08003200       0x24 C:/KAIstack_DEMO_STM32_GCC/system_15/targets/ST/libraries_demo/demo_KAIstack_07B0-L---STM32_GCC_TF---STM32F103xB.lib(KnxStk_MN.obj)
                0x08003200                MN_MemoryApciCheck
 .text.MN_MemoryRead
                0x08003224       0x28 C:/KAIstack_DEMO_STM32_GCC/system_15/targets/ST/libraries_demo/demo_KAIstack_07B0-L---STM32_GCC_TF---STM32F103xB.lib(KnxStk_MN.obj)
                0x08003224                MN_MemoryRead
 .text.MN_MemoryWrite
                0x0800324c       0x40 C:/KAIstack_DEMO_STM32_GCC/system_15/targets/ST/libraries_demo/demo_KAIstack_07B0-L---STM32_GCC_TF---STM32F103xB.lib(KnxStk_MN.obj)
                0x0800324c                MN_MemoryWrite
 .text.MN_ADCRead
                0x0800328c       0x30 C:/KAIstack_DEMO_STM32_GCC/system_15/targets/ST/libraries_demo/demo_KAIstack_07B0-L---STM32_GCC_TF---STM32F103xB.lib(KnxStk_MN.obj)
                0x0800328c                MN_ADCRead
 .text.MN_Restart
                0x080032bc       0x1c C:/KAIstack_DEMO_STM32_GCC/system_15/targets/ST/libraries_demo/demo_KAIstack_07B0-L---STM32_GCC_TF---STM32F103xB.lib(KnxStk_MN.obj)
                0x080032bc                MN_Restart
 .text.MN_Authorize
                0x080032d8       0x4c C:/KAIstack_DEMO_STM32_GCC/system_15/targets/ST/libraries_demo/demo_KAIstack_07B0-L---STM32_GCC_TF---STM32F103xB.lib(KnxStk_MN.obj)
                0x080032d8                MN_Authorize
 .text.MN_SetKey
                0x08003324       0x40 C:/KAIstack_DEMO_STM32_GCC/system_15/targets/ST/libraries_demo/demo_KAIstack_07B0-L---STM32_GCC_TF---STM32F103xB.lib(KnxStk_MN.obj)
                0x08003324                MN_SetKey
 .text.MN_ConnectInd
                0x08003364       0x48 C:/KAIstack_DEMO_STM32_GCC/system_15/targets/ST/libraries_demo/demo_KAIstack_07B0-L---STM32_GCC_TF---STM32F103xB.lib(KnxStk_MN.obj)
                0x08003364                MN_ConnectInd
 .text.MN_DefaultDisconnectInd
                0x080033ac       0x24 C:/KAIstack_DEMO_STM32_GCC/system_15/targets/ST/libraries_demo/demo_KAIstack_07B0-L---STM32_GCC_TF---STM32F103xB.lib(KnxStk_MN.obj)
                0x080033ac                MN_DefaultDisconnectInd
 .text.MS_SearchAPCI
                0x080033d0       0x2e C:/KAIstack_DEMO_STM32_GCC/system_15/targets/ST/libraries_demo/demo_KAIstack_07B0-L---STM32_GCC_TF---STM32F103xB.lib(KnxStk_MN.obj)
                0x080033d0                MS_SearchAPCI
 *fill*         0x080033fe        0x2 00
 .text.MN_ApciDispatcher
                0x08003400       0x74 C:/KAIstack_DEMO_STM32_GCC/system_15/targets/ST/libraries_demo/demo_KAIstack_07B0-L---STM32_GCC_TF---STM32F103xB.lib(KnxStk_MN.obj)
                0x08003400                MN_ApciDispatcher
 .text.NL_DataInd
                0x08003474       0x48 C:/KAIstack_DEMO_STM32_GCC/system_15/targets/ST/libraries_demo/demo_KAIstack_07B0-L---STM32_GCC_TF---STM32F103xB.lib(KnxStk_nl.obj)
                0x08003474                NL_DataInd
 .text.NL_DataCon
                0x080034bc       0x44 C:/KAIstack_DEMO_STM32_GCC/system_15/targets/ST/libraries_demo/demo_KAIstack_07B0-L---STM32_GCC_TF---STM32F103xB.lib(KnxStk_nl.obj)
                0x080034bc                NL_DataCon
 .text.NL_PostReqToLL
                0x08003500       0x34 C:/KAIstack_DEMO_STM32_GCC/system_15/targets/ST/libraries_demo/demo_KAIstack_07B0-L---STM32_GCC_TF---STM32F103xB.lib(KnxStk_nl.obj)
                0x08003500                NL_PostReqToLL
 .text.NL_GroupDataReq
                0x08003534       0x20 C:/KAIstack_DEMO_STM32_GCC/system_15/targets/ST/libraries_demo/demo_KAIstack_07B0-L---STM32_GCC_TF---STM32F103xB.lib(KnxStk_nl.obj)
                0x08003534                NL_GroupDataReq
 .text.NL_BroadcastReq
                0x08003554       0x30 C:/KAIstack_DEMO_STM32_GCC/system_15/targets/ST/libraries_demo/demo_KAIstack_07B0-L---STM32_GCC_TF---STM32F103xB.lib(KnxStk_nl.obj)
                0x08003554                NL_BroadcastReq
 .text.NL_DataReq
                0x08003584       0x20 C:/KAIstack_DEMO_STM32_GCC/system_15/targets/ST/libraries_demo/demo_KAIstack_07B0-L---STM32_GCC_TF---STM32F103xB.lib(KnxStk_nl.obj)
                0x08003584                NL_DataReq
 .text.NL_MsgHopCountTypeToHopCount
                0x080035a4        0xe C:/KAIstack_DEMO_STM32_GCC/system_15/targets/ST/libraries_demo/demo_KAIstack_07B0-L---STM32_GCC_TF---STM32F103xB.lib(KnxStk_nl_util.obj)
                0x080035a4                NL_MsgHopCountTypeToHopCount
 .text.NL_MsgHopCountToHopCountType
                0x080035b2       0x12 C:/KAIstack_DEMO_STM32_GCC/system_15/targets/ST/libraries_demo/demo_KAIstack_07B0-L---STM32_GCC_TF---STM32F103xB.lib(KnxStk_nl_util.obj)
                0x080035b2                NL_MsgHopCountToHopCountType
 .text.TLV_BroadcastIndCon
                0x080035c4       0x30 C:/KAIstack_DEMO_STM32_GCC/system_15/targets/ST/libraries_demo/demo_KAIstack_07B0-L---STM32_GCC_TF---STM32F103xB.lib(KnxStk_tlb.obj)
                0x080035c4                TLV_BroadcastIndCon
 .text.TLV_BroadcastReq
                0x080035f4       0x24 C:/KAIstack_DEMO_STM32_GCC/system_15/targets/ST/libraries_demo/demo_KAIstack_07B0-L---STM32_GCC_TF---STM32F103xB.lib(KnxStk_tlb.obj)
                0x080035f4                TLV_BroadcastReq
 .text.TLG_GroupDataFromNL
                0x08003618       0x64 C:/KAIstack_DEMO_STM32_GCC/system_15/targets/ST/libraries_demo/demo_KAIstack_07B0-L---STM32_GCC_TF---STM32F103xB.lib(KnxStk_tlg.obj)
                0x08003618                TLG_GroupDataFromNL
 .text.TLG_GroupDataFromAL
                0x0800367c       0x6c C:/KAIstack_DEMO_STM32_GCC/system_15/targets/ST/libraries_demo/demo_KAIstack_07B0-L---STM32_GCC_TF---STM32F103xB.lib(KnxStk_tlg.obj)
                0x0800367c                TLG_GroupDataFromAL
 .text.MN_FindInterfaceObjectPart
                0x080036e8       0x1e C:/KAIstack_DEMO_STM32_GCC/system_15/targets/ST/libraries_demo/demo_KAIstack_07B0-L---STM32_GCC_TF---STM32F103xB.lib(KnxRes_IntObj.obj)
                0x080036e8                MN_FindInterfaceObjectPart
 *fill*         0x08003706        0x2 00
 .text.MN_FindInterfaceObject
                0x08003708       0x30 C:/KAIstack_DEMO_STM32_GCC/system_15/targets/ST/libraries_demo/demo_KAIstack_07B0-L---STM32_GCC_TF---STM32F103xB.lib(KnxRes_IntObj.obj)
                0x08003708                MN_FindInterfaceObject
 .text.MN_FindProperty
                0x08003738       0x3a C:/KAIstack_DEMO_STM32_GCC/system_15/targets/ST/libraries_demo/demo_KAIstack_07B0-L---STM32_GCC_TF---STM32F103xB.lib(KnxRes_IntObj.obj)
                0x08003738                MN_FindProperty
 *fill*         0x08003772        0x2 00
 .text.MN_GetPropertyDesc
                0x08003774       0xfc C:/KAIstack_DEMO_STM32_GCC/system_15/targets/ST/libraries_demo/demo_KAIstack_07B0-L---STM32_GCC_TF---STM32F103xB.lib(KnxRes_IntObj.obj)
                0x08003774                MN_GetPropertyDesc
 .text.MN_GetProperty
                0x08003870       0x88 C:/KAIstack_DEMO_STM32_GCC/system_15/targets/ST/libraries_demo/demo_KAIstack_07B0-L---STM32_GCC_TF---STM32F103xB.lib(KnxRes_IntObj.obj)
                0x08003870                MN_GetProperty
 .text.MN_ReadPropertyLength
                0x080038f8       0x32 C:/KAIstack_DEMO_STM32_GCC/system_15/targets/ST/libraries_demo/demo_KAIstack_07B0-L---STM32_GCC_TF---STM32F103xB.lib(KnxRes_IntObj.obj)
                0x080038f8                MN_ReadPropertyLength
 *fill*         0x0800392a        0x2 00
 .text.MN_ReadPropertyData
                0x0800392c       0xa0 C:/KAIstack_DEMO_STM32_GCC/system_15/targets/ST/libraries_demo/demo_KAIstack_07B0-L---STM32_GCC_TF---STM32F103xB.lib(KnxRes_IntObj.obj)
                0x0800392c                MN_ReadPropertyData
 .text.MN_ReadProperty
                0x080039cc        0xe C:/KAIstack_DEMO_STM32_GCC/system_15/targets/ST/libraries_demo/demo_KAIstack_07B0-L---STM32_GCC_TF---STM32F103xB.lib(KnxRes_IntObj.obj)
                0x080039cc                MN_ReadProperty
 *fill*         0x080039da        0x2 00
 .text.MN_PropRead
                0x080039dc       0x80 C:/KAIstack_DEMO_STM32_GCC/system_15/targets/ST/libraries_demo/demo_KAIstack_07B0-L---STM32_GCC_TF---STM32F103xB.lib(KnxRes_IntObj.obj)
                0x080039dc                MN_PropRead
 .text.MN_WritePropertyLength
                0x08003a5c       0x40 C:/KAIstack_DEMO_STM32_GCC/system_15/targets/ST/libraries_demo/demo_KAIstack_07B0-L---STM32_GCC_TF---STM32F103xB.lib(KnxRes_IntObj.obj)
                0x08003a5c                MN_WritePropertyLength
 .text.MN_WritePropertyData
                0x08003a9c       0xbc C:/KAIstack_DEMO_STM32_GCC/system_15/targets/ST/libraries_demo/demo_KAIstack_07B0-L---STM32_GCC_TF---STM32F103xB.lib(KnxRes_IntObj.obj)
                0x08003a9c                MN_WritePropertyData
 .text.MN_WriteProperty
                0x08003b58        0xc C:/KAIstack_DEMO_STM32_GCC/system_15/targets/ST/libraries_demo/demo_KAIstack_07B0-L---STM32_GCC_TF---STM32F103xB.lib(KnxRes_IntObj.obj)
                0x08003b58                MN_WriteProperty
 .text.MN_PropWrite
                0x08003b64       0x6c C:/KAIstack_DEMO_STM32_GCC/system_15/targets/ST/libraries_demo/demo_KAIstack_07B0-L---STM32_GCC_TF---STM32F103xB.lib(KnxRes_IntObj.obj)
                0x08003b64                MN_PropWrite
 .text.MN_PropDescRead
                0x08003bd0       0x58 C:/KAIstack_DEMO_STM32_GCC/system_15/targets/ST/libraries_demo/demo_KAIstack_07B0-L---STM32_GCC_TF---STM32F103xB.lib(KnxRes_IntObj.obj)
                0x08003bd0                MN_PropDescRead
 .text.LS_SetError
                0x08003c28       0x10 C:/KAIstack_DEMO_STM32_GCC/system_15/targets/ST/libraries_demo/demo_KAIstack_07B0-L---STM32_GCC_TF---STM32F103xB.lib(KnxRes_LoadSm.obj)
                0x08003c28                LS_SetError
 .text.LS_HandleLoadStateMachine
                0x08003c38       0x54 C:/KAIstack_DEMO_STM32_GCC/system_15/targets/ST/libraries_demo/demo_KAIstack_07B0-L---STM32_GCC_TF---STM32F103xB.lib(KnxRes_LoadSm.obj)
                0x08003c38                LS_HandleLoadStateMachine
 .text.DM_ReadADConverter
                0x08003c8c        0xe C:/KAIstack_DEMO_STM32_GCC/system_15/targets/ST/libraries_demo/demo_KAIstack_07B0-L---STM32_GCC_TF---STM32F103xB.lib(KnxDev_AdcRead.obj)
                0x08003c8c                DM_ReadADConverter
 .text.EF_UnlockFlash
                0x08003c9a       0x10 C:/KAIstack_DEMO_STM32_GCC/system_15/targets/ST/libraries_demo/demo_KAIstack_07B0-L---STM32_GCC_TF---STM32F103xB.lib(L_stmFlash.obj)
                0x08003c9a                EF_UnlockFlash
 .text.EF_EraseFlash
                0x08003caa       0x3a C:/KAIstack_DEMO_STM32_GCC/system_15/targets/ST/libraries_demo/demo_KAIstack_07B0-L---STM32_GCC_TF---STM32F103xB.lib(L_stmFlash.obj)
                0x08003caa                EF_EraseFlash
 .text.EF_CopyFlashData
                0x08003ce4       0x5e C:/KAIstack_DEMO_STM32_GCC/system_15/targets/ST/libraries_demo/demo_KAIstack_07B0-L---STM32_GCC_TF---STM32F103xB.lib(L_stmFlash.obj)
                0x08003ce4                EF_CopyFlashData
 *fill*         0x08003d42        0x2 00
 .text.EF_CopyToTmp
                0x08003d44       0xd4 C:/KAIstack_DEMO_STM32_GCC/system_15/targets/ST/libraries_demo/demo_KAIstack_07B0-L---STM32_GCC_TF---STM32F103xB.lib(L_stmFlash.obj)
                0x08003d44                EF_CopyToTmp
 .text.EF_HandleFlashWrite
                0x08003e18       0xb4 C:/KAIstack_DEMO_STM32_GCC/system_15/targets/ST/libraries_demo/demo_KAIstack_07B0-L---STM32_GCC_TF---STM32F103xB.lib(L_stmFlash.obj)
                0x08003e18                EF_HandleFlashWrite
 .text.EF_UT_FillNvMem
                0x08003ecc       0x28 C:/KAIstack_DEMO_STM32_GCC/system_15/targets/ST/libraries_demo/demo_KAIstack_07B0-L---STM32_GCC_TF---STM32F103xB.lib(L_stmFlash.obj)
                0x08003ecc                EF_UT_FillNvMem
 .text.EF_UT_CopyNvMem
                0x08003ef4       0x20 C:/KAIstack_DEMO_STM32_GCC/system_15/targets/ST/libraries_demo/demo_KAIstack_07B0-L---STM32_GCC_TF---STM32F103xB.lib(L_stmFlash.obj)
                0x08003ef4                EF_UT_CopyNvMem
 .text.TU_SendStateMachine
                0x08003f14      0x1b0 C:/KAIstack_DEMO_STM32_GCC/system_15/targets/ST/libraries_demo/demo_KAIstack_07B0-L---STM32_GCC_TF---STM32F103xB.lib(tpuart.obj)
                0x08003f14                TU_SendStateMachine
 .text.TU_SendSequStateMachine
                0x080040c4       0x68 C:/KAIstack_DEMO_STM32_GCC/system_15/targets/ST/libraries_demo/demo_KAIstack_07B0-L---STM32_GCC_TF---STM32F103xB.lib(tpuart.obj)
 .text.TU_SendSingleByte
                0x0800412c       0x28 C:/KAIstack_DEMO_STM32_GCC/system_15/targets/ST/libraries_demo/demo_KAIstack_07B0-L---STM32_GCC_TF---STM32F103xB.lib(tpuart.obj)
                0x0800412c                TU_SendSingleByte
 .text.TU_ResetRcvd
                0x08004154       0x3c C:/KAIstack_DEMO_STM32_GCC/system_15/targets/ST/libraries_demo/demo_KAIstack_07B0-L---STM32_GCC_TF---STM32F103xB.lib(tpuart.obj)
                0x08004154                TU_ResetRcvd
 .text.TU_MainStateMachine.part.2
                0x08004190      0x454 C:/KAIstack_DEMO_STM32_GCC/system_15/targets/ST/libraries_demo/demo_KAIstack_07B0-L---STM32_GCC_TF---STM32F103xB.lib(tpuart.obj)
 .text.TUI_Init
                0x080045e4       0x40 C:/KAIstack_DEMO_STM32_GCC/system_15/targets/ST/libraries_demo/demo_KAIstack_07B0-L---STM32_GCC_TF---STM32F103xB.lib(tpuart.obj)
                0x080045e4                TUI_Init
 .text.TUI_SendTimeout
                0x08004624       0x20 C:/KAIstack_DEMO_STM32_GCC/system_15/targets/ST/libraries_demo/demo_KAIstack_07B0-L---STM32_GCC_TF---STM32F103xB.lib(tpuart.obj)
                0x08004624                TUI_SendTimeout
 .text.TUI_IsSending
                0x08004644       0x14 C:/KAIstack_DEMO_STM32_GCC/system_15/targets/ST/libraries_demo/demo_KAIstack_07B0-L---STM32_GCC_TF---STM32F103xB.lib(tpuart.obj)
                0x08004644                TUI_IsSending
 .text.TUI_SendMessage
                0x08004658       0x44 C:/KAIstack_DEMO_STM32_GCC/system_15/targets/ST/libraries_demo/demo_KAIstack_07B0-L---STM32_GCC_TF---STM32F103xB.lib(tpuart.obj)
                0x08004658                TUI_SendMessage
 .text.TUI_ByteReceived
                0x0800469c        0x8 C:/KAIstack_DEMO_STM32_GCC/system_15/targets/ST/libraries_demo/demo_KAIstack_07B0-L---STM32_GCC_TF---STM32F103xB.lib(tpuart.obj)
                0x0800469c                TUI_ByteReceived
 .text.TUI_RcvError
                0x080046a4       0x20 C:/KAIstack_DEMO_STM32_GCC/system_15/targets/ST/libraries_demo/demo_KAIstack_07B0-L---STM32_GCC_TF---STM32F103xB.lib(tpuart.obj)
                0x080046a4                TUI_RcvError
 .text.TUI_SendBufferEmpty
                0x080046c4        0x6 C:/KAIstack_DEMO_STM32_GCC/system_15/targets/ST/libraries_demo/demo_KAIstack_07B0-L---STM32_GCC_TF---STM32F103xB.lib(tpuart.obj)
                0x080046c4                TUI_SendBufferEmpty
 .text.TUI_RcvTimeout
                0x080046ca       0x20 C:/KAIstack_DEMO_STM32_GCC/system_15/targets/ST/libraries_demo/demo_KAIstack_07B0-L---STM32_GCC_TF---STM32F103xB.lib(tpuart.obj)
                0x080046ca                TUI_RcvTimeout
 *fill*         0x080046ea        0x2 00
 .text.TUI_IsBusOK
                0x080046ec       0x14 C:/KAIstack_DEMO_STM32_GCC/system_15/targets/ST/libraries_demo/demo_KAIstack_07B0-L---STM32_GCC_TF---STM32F103xB.lib(tpuart.obj)
                0x080046ec                TUI_IsBusOK
 .text.TUI_IsBusFailure
                0x08004700       0x14 C:/KAIstack_DEMO_STM32_GCC/system_15/targets/ST/libraries_demo/demo_KAIstack_07B0-L---STM32_GCC_TF---STM32F103xB.lib(tpuart.obj)
                0x08004700                TUI_IsBusFailure
 .text.FLASH_Unlock
                0x08004714       0x18 C:/KAIstack_DEMO_STM32_GCC/system_15/targets/ST/libraries_demo/demo_KAIstack_07B0-L---STM32_GCC_TF---STM32F103xB.lib(stm32f10x_flash.obj)
                0x08004714                FLASH_Unlock
 .text.FLASH_Lock
                0x0800472c       0x10 C:/KAIstack_DEMO_STM32_GCC/system_15/targets/ST/libraries_demo/demo_KAIstack_07B0-L---STM32_GCC_TF---STM32F103xB.lib(stm32f10x_flash.obj)
                0x0800472c                FLASH_Lock
 .text.FLASH_ClearFlag
                0x0800473c        0xc C:/KAIstack_DEMO_STM32_GCC/system_15/targets/ST/libraries_demo/demo_KAIstack_07B0-L---STM32_GCC_TF---STM32F103xB.lib(stm32f10x_flash.obj)
                0x0800473c                FLASH_ClearFlag
 .text.FLASH_GetBank1Status
                0x08004748       0x28 C:/KAIstack_DEMO_STM32_GCC/system_15/targets/ST/libraries_demo/demo_KAIstack_07B0-L---STM32_GCC_TF---STM32F103xB.lib(stm32f10x_flash.obj)
                0x08004748                FLASH_GetBank1Status
 .text.FLASH_WaitForLastOperation
                0x08004770       0x22 C:/KAIstack_DEMO_STM32_GCC/system_15/targets/ST/libraries_demo/demo_KAIstack_07B0-L---STM32_GCC_TF---STM32F103xB.lib(stm32f10x_flash.obj)
                0x08004770                FLASH_WaitForLastOperation
 *fill*         0x08004792        0x2 00
 .text.FLASH_ProgramHalfWord
                0x08004794       0x38 C:/KAIstack_DEMO_STM32_GCC/system_15/targets/ST/libraries_demo/demo_KAIstack_07B0-L---STM32_GCC_TF---STM32F103xB.lib(stm32f10x_flash.obj)
                0x08004794                FLASH_ProgramHalfWord
 .text.FLASH_ErasePage
                0x080047cc       0x3c C:/KAIstack_DEMO_STM32_GCC/system_15/targets/ST/libraries_demo/demo_KAIstack_07B0-L---STM32_GCC_TF---STM32F103xB.lib(stm32f10x_flash.obj)
                0x080047cc                FLASH_ErasePage
 .text.USART_Init
                0x08004808       0xb0 C:/KAIstack_DEMO_STM32_GCC/system_15/targets/ST/libraries_demo/demo_KAIstack_07B0-L---STM32_GCC_TF---STM32F103xB.lib(stm32f10x_usart.obj)
                0x08004808                USART_Init
 .text.USART_Cmd
                0x080048b8       0x18 C:/KAIstack_DEMO_STM32_GCC/system_15/targets/ST/libraries_demo/demo_KAIstack_07B0-L---STM32_GCC_TF---STM32F103xB.lib(stm32f10x_usart.obj)
                0x080048b8                USART_Cmd
 .text.USART_ITConfig
                0x080048d0       0x34 C:/KAIstack_DEMO_STM32_GCC/system_15/targets/ST/libraries_demo/demo_KAIstack_07B0-L---STM32_GCC_TF---STM32F103xB.lib(stm32f10x_usart.obj)
                0x080048d0                USART_ITConfig
 .text.USART_SendData
                0x08004904        0x8 C:/KAIstack_DEMO_STM32_GCC/system_15/targets/ST/libraries_demo/demo_KAIstack_07B0-L---STM32_GCC_TF---STM32F103xB.lib(stm32f10x_usart.obj)
                0x08004904                USART_SendData
 .text.USART_ReceiveData
                0x0800490c        0x8 C:/KAIstack_DEMO_STM32_GCC/system_15/targets/ST/libraries_demo/demo_KAIstack_07B0-L---STM32_GCC_TF---STM32F103xB.lib(stm32f10x_usart.obj)
                0x0800490c                USART_ReceiveData
 .text.TUI_ComInit
                0x08004914       0xfc C:/KAIstack_DEMO_STM32_GCC/system_15/targets/ST/libraries_demo/demo_KAIstack_07B0-L---STM32_GCC_TF---STM32F103xB.lib(com.obj)
                0x08004914                TUI_ComInit
 .text.USART2_IRQHandler
                0x08004a10       0x60 C:/KAIstack_DEMO_STM32_GCC/system_15/targets/ST/libraries_demo/demo_KAIstack_07B0-L---STM32_GCC_TF---STM32F103xB.lib(com.obj)
                0x08004a10                USART2_IRQHandler
 .text.TUI_CommSendByte
                0x08004a70       0x20 C:/KAIstack_DEMO_STM32_GCC/system_15/targets/ST/libraries_demo/demo_KAIstack_07B0-L---STM32_GCC_TF---STM32F103xB.lib(com.obj)
                0x08004a70                TUI_CommSendByte
 .text.EF_GetFlashEnd
                0x08004a90        0x8 C:/KAIstack_DEMO_STM32_GCC/system_15/targets/ST/libraries_demo/demo_KAIstack_07B0-L---STM32_GCC_TF---STM32F103xB.lib(L_stmFlash_derivate.obj)
                0x08004a90                EF_GetFlashEnd
 .text.EF_GetFlashPageMask
                0x08004a98        0x8 C:/KAIstack_DEMO_STM32_GCC/system_15/targets/ST/libraries_demo/demo_KAIstack_07B0-L---STM32_GCC_TF---STM32F103xB.lib(L_stmFlash_derivate.obj)
                0x08004a98                EF_GetFlashPageMask
 .text.EF_GetFlashPageSize
                0x08004aa0        0x6 C:/KAIstack_DEMO_STM32_GCC/system_15/targets/ST/libraries_demo/demo_KAIstack_07B0-L---STM32_GCC_TF---STM32F103xB.lib(L_stmFlash_derivate.obj)
                0x08004aa0                EF_GetFlashPageSize
 *fill*         0x08004aa6        0x2 00
 .text.__libc_init_array
                0x08004aa8       0x4c c:/kaistack_demo_stm32_gcc/compiler/arm-none-eabigt/bin/../lib/gcc/arm-none-eabi/4.7.4/../../../../arm-none-eabi/lib/armv7-m\libc_s.a(lib_a-init.o)
                0x08004aa8                __libc_init_array
 *(.glue_7)
 .glue_7        0x00000000        0x0 linker stubs
 *(.glue_7t)
 .glue_7t       0x00000000        0x0 linker stubs
 *(.eh_frame)
 .eh_frame      0x08004af4        0x0 c:/kaistack_demo_stm32_gcc/compiler/arm-none-eabigt/bin/../lib/gcc/arm-none-eabi/4.7.4/armv7-m/crtbegin.o
 *(.init)
 .init          0x08004af4        0x4 c:/kaistack_demo_stm32_gcc/compiler/arm-none-eabigt/bin/../lib/gcc/arm-none-eabi/4.7.4/armv7-m/crti.o
                0x08004af4                _init
 .init          0x08004af8        0x8 c:/kaistack_demo_stm32_gcc/compiler/arm-none-eabigt/bin/../lib/gcc/arm-none-eabi/4.7.4/armv7-m/crtn.o
 *(.fini)
 .fini          0x08004b00        0x4 c:/kaistack_demo_stm32_gcc/compiler/arm-none-eabigt/bin/../lib/gcc/arm-none-eabi/4.7.4/armv7-m/crti.o
                0x08004b00                _fini
 .fini          0x08004b04        0x8 c:/kaistack_demo_stm32_gcc/compiler/arm-none-eabigt/bin/../lib/gcc/arm-none-eabi/4.7.4/armv7-m/crtn.o
                0x08004b0c                . = ALIGN (0x4)
                0x08004b0c                _etext = .

.vfp11_veneer   0x08004b0c        0x0
 .vfp11_veneer  0x00000000        0x0 linker stubs

.v4_bx          0x08004b0c        0x0
 .v4_bx         0x00000000        0x0 linker stubs

.iplt           0x08004b0c        0x0
 .iplt          0x00000000        0x0 c:/kaistack_demo_stm32_gcc/compiler/arm-none-eabigt/bin/../lib/gcc/arm-none-eabi/4.7.4/armv7-m/crtbegin.o

.rodata         0x08004b0c      0x774
                0x08004b0c                . = ALIGN (0x4)
 *(.rodata)
 *(.rodata*)
 .rodata.maskArray
                0x08004b0c       0x20 C:/KAIstack_DEMO_STM32_GCC/keypad/Keypad4in4out/tmp/objsys/Keypad4in4out.obj
                0x08004b0c                maskArray
 .rodata.COT_ramFlagPtr
                0x08004b2c        0x4 C:/KAIstack_DEMO_STM32_GCC/keypad/Keypad4in4out/tmp/objsys/app_data.obj
                0x08004b2c                COT_ramFlagPtr
 .rodata.COT_data
                0x08004b30       0x24 C:/KAIstack_DEMO_STM32_GCC/keypad/Keypad4in4out/tmp/objsys/app_data.obj
                0x08004b30                COT_data
 .rodata.DM_firmwareVersion
                0x08004b54        0x4 C:/KAIstack_DEMO_STM32_GCC/keypad/Keypad4in4out/tmp/objsys/app_07B0.obj
                0x08004b54                DM_firmwareVersion
 .rodata.MN_CompileDate
                0x08004b58       0x18 C:/KAIstack_DEMO_STM32_GCC/keypad/Keypad4in4out/tmp/objsys/app_07B0.obj
                0x08004b58                MN_CompileDate
 .rodata.MN_AppVersion
                0x08004b70        0xc C:/KAIstack_DEMO_STM32_GCC/keypad/Keypad4in4out/tmp/objsys/app_07B0.obj
                0x08004b70                MN_AppVersion
 .rodata.DM_memMapTable
                0x08004b7c       0x10 C:/KAIstack_DEMO_STM32_GCC/keypad/Keypad4in4out/tmp/objsys/app_07B0.obj
                0x08004b7c                DM_memMapTable
 .rodata.MN_applicationObject
                0x08004b8c       0x38 C:/KAIstack_DEMO_STM32_GCC/keypad/Keypad4in4out/tmp/objsys/app_07B0.obj
                0x08004b8c                MN_applicationObject
 .rodata.MN_PEIObject
                0x08004bc4       0x28 C:/KAIstack_DEMO_STM32_GCC/keypad/Keypad4in4out/tmp/objsys/app_07B0.obj
                0x08004bc4                MN_PEIObject
 .rodata.MN_systemObjects
                0x08004bec       0x1c C:/KAIstack_DEMO_STM32_GCC/keypad/Keypad4in4out/tmp/objsys/app_07B0.obj
                0x08004bec                MN_systemObjects
 .rodata.MN_systemObjects2
                0x08004c08        0x8 C:/KAIstack_DEMO_STM32_GCC/keypad/Keypad4in4out/tmp/objsys/app_07B0.obj
                0x08004c08                MN_systemObjects2
 .rodata.byteEepromPtr
                0x08004c10        0x4 C:/KAIstack_DEMO_STM32_GCC/keypad/Keypad4in4out/tmp/objsys/dat_07B0.obj
                0x08004c10                byteEepromPtr
 .rodata.DM_objectTabSize_Copy
                0x08004c14        0x2 C:/KAIstack_DEMO_STM32_GCC/keypad/Keypad4in4out/tmp/objsys/dat_07B0.obj
                0x08004c14                DM_objectTabSize_Copy
 .rodata.TM_timerNr
                0x08004c16        0x1 C:/KAIstack_DEMO_STM32_GCC/keypad/Keypad4in4out/tmp/objsys/dat_07B0.obj
                0x08004c16                TM_timerNr
 *fill*         0x08004c17        0x1 00
 .rodata.SC_scheduleTab
                0x08004c18       0x90 C:/KAIstack_DEMO_STM32_GCC/system_15/targets/ST/libraries_demo/demo_KAIstack_07B0-L---STM32_GCC_TF---STM32F103xB.lib(KnxDev_Schedule.obj)
                0x08004c18                SC_scheduleTab
 .rodata.UT_bitMask
                0x08004ca8       0x20 C:/KAIstack_DEMO_STM32_GCC/system_15/targets/ST/libraries_demo/demo_KAIstack_07B0-L---STM32_GCC_TF---STM32F103xB.lib(TaUtil_util.obj)
                0x08004ca8                UT_bitMask
 .rodata.UT_constFF
                0x08004cc8        0x4 C:/KAIstack_DEMO_STM32_GCC/system_15/targets/ST/libraries_demo/demo_KAIstack_07B0-L---STM32_GCC_TF---STM32F103xB.lib(TaUtil_util.obj)